Archive member included to satisfy reference by file (symbol)

e:/program files/truestudio for stm32 9.2.0/armtools/bin/../lib/gcc/arm-atollic-eabi/6.3.1/../../../../arm-atollic-eabi/lib/armv7-m\libc_nano.a(lib_a-errno.o)
                              Src\syscalls.o (__errno)
e:/program files/truestudio for stm32 9.2.0/armtools/bin/../lib/gcc/arm-atollic-eabi/6.3.1/../../../../arm-atollic-eabi/lib/armv7-m\libc_nano.a(lib_a-impure.o)
                              e:/program files/truestudio for stm32 9.2.0/armtools/bin/../lib/gcc/arm-atollic-eabi/6.3.1/../../../../arm-atollic-eabi/lib/armv7-m\libc_nano.a(lib_a-errno.o) (_impure_ptr)
e:/program files/truestudio for stm32 9.2.0/armtools/bin/../lib/gcc/arm-atollic-eabi/6.3.1/../../../../arm-atollic-eabi/lib/armv7-m\libc_nano.a(lib_a-init.o)
                              startup\startup_stm32f103xb.o (__libc_init_array)
e:/program files/truestudio for stm32 9.2.0/armtools/bin/../lib/gcc/arm-atollic-eabi/6.3.1/../../../../arm-atollic-eabi/lib/armv7-m\libc_nano.a(lib_a-memcpy-stub.o)
                              Drivers\vl53l0x\vl53l0x_platform.o (memcpy)
e:/program files/truestudio for stm32 9.2.0/armtools/bin/../lib/gcc/arm-atollic-eabi/6.3.1/../../../../arm-atollic-eabi/lib/armv7-m\libc_nano.a(lib_a-memset.o)
                              Drivers\STM32F1xx_HAL_Driver\Src\stm32f1xx_hal_rcc.o (memset)
e:/program files/truestudio for stm32 9.2.0/armtools/bin/../lib/gcc/arm-atollic-eabi/6.3.1/../../../../arm-atollic-eabi/lib/armv7-m\libc_nano.a(lib_a-strcpy.o)
                              Drivers\vl53l0x\vl53l0x_api_core.o (strcpy)
e:/program files/truestudio for stm32 9.2.0/armtools/bin/../lib/gcc/arm-atollic-eabi/6.3.1/armv7-m\libgcc.a(_lshrdi3.o)
                              Drivers\STM32F1xx_HAL_Driver\Src\stm32f1xx_hal_flash.o (__aeabi_llsr)

Allocating common symbols
Common symbol       size              file

huart3              0x40              Src\usart.o
hi2c1               0x54              Src\i2c.o
_I2CBuffer          0x40              Drivers\vl53l0x\vl53l0x_platform.o
uwTick              0x4               Drivers\STM32F1xx_HAL_Driver\Src\stm32f1xx_hal.o
pFlash              0x20              Drivers\STM32F1xx_HAL_Driver\Src\stm32f1xx_hal_flash.o
htim3               0x40              Src\tim.o
RangingConfig       0x1               Src\main.o
huart1              0x40              Src\usart.o
sensor_status       0x4               Src\main.o
htim2               0x40              Src\tim.o
RangingMeasurementData
                    0x1c              Src\main.o

Discarded input sections

 .text          0x00000000        0x0 e:/program files/truestudio for stm32 9.2.0/armtools/bin/../lib/gcc/arm-atollic-eabi/6.3.1/armv7-m/crti.o
 .data          0x00000000        0x0 e:/program files/truestudio for stm32 9.2.0/armtools/bin/../lib/gcc/arm-atollic-eabi/6.3.1/armv7-m/crti.o
 .bss           0x00000000        0x0 e:/program files/truestudio for stm32 9.2.0/armtools/bin/../lib/gcc/arm-atollic-eabi/6.3.1/armv7-m/crti.o
 .data          0x00000000        0x4 e:/program files/truestudio for stm32 9.2.0/armtools/bin/../lib/gcc/arm-atollic-eabi/6.3.1/armv7-m/crtbegin.o
 .text          0x00000000        0x0 Drivers\STM32F1xx_HAL_Driver\Src\stm32f1xx_hal.o
 .data          0x00000000        0x0 Drivers\STM32F1xx_HAL_Driver\Src\stm32f1xx_hal.o
 .bss           0x00000000        0x0 Drivers\STM32F1xx_HAL_Driver\Src\stm32f1xx_hal.o
 .text.HAL_MspInit
                0x00000000        0x2 Drivers\STM32F1xx_HAL_Driver\Src\stm32f1xx_hal.o
 .text.HAL_MspDeInit
                0x00000000        0x2 Drivers\STM32F1xx_HAL_Driver\Src\stm32f1xx_hal.o
 .text.HAL_DeInit
                0x00000000       0x20 Drivers\STM32F1xx_HAL_Driver\Src\stm32f1xx_hal.o
 .text.HAL_GetTickPrio
                0x00000000        0xc Drivers\STM32F1xx_HAL_Driver\Src\stm32f1xx_hal.o
 .text.HAL_SetTickFreq
                0x00000000       0x28 Drivers\STM32F1xx_HAL_Driver\Src\stm32f1xx_hal.o
 .text.HAL_GetTickFreq
                0x00000000        0xc Drivers\STM32F1xx_HAL_Driver\Src\stm32f1xx_hal.o
 .text.HAL_SuspendTick
                0x00000000       0x10 Drivers\STM32F1xx_HAL_Driver\Src\stm32f1xx_hal.o
 .text.HAL_ResumeTick
                0x00000000       0x10 Drivers\STM32F1xx_HAL_Driver\Src\stm32f1xx_hal.o
 .text.HAL_GetHalVersion
                0x00000000        0x8 Drivers\STM32F1xx_HAL_Driver\Src\stm32f1xx_hal.o
 .text.HAL_GetREVID
                0x00000000        0xc Drivers\STM32F1xx_HAL_Driver\Src\stm32f1xx_hal.o
 .text.HAL_GetDEVID
                0x00000000       0x10 Drivers\STM32F1xx_HAL_Driver\Src\stm32f1xx_hal.o
 .text.HAL_GetUIDw0
                0x00000000        0xc Drivers\STM32F1xx_HAL_Driver\Src\stm32f1xx_hal.o
 .text.HAL_GetUIDw1
                0x00000000        0xc Drivers\STM32F1xx_HAL_Driver\Src\stm32f1xx_hal.o
 .text.HAL_GetUIDw2
                0x00000000        0xc Drivers\STM32F1xx_HAL_Driver\Src\stm32f1xx_hal.o
 .text.HAL_DBGMCU_EnableDBGSleepMode
[...]
Memory Configuration

Name             Origin             Length             Attributes
RAM              0x20000000         0x00005000         xrw
FLASH            0x08000000         0x00010000         xr
*default*        0x00000000         0xffffffff

Linker script and memory map

LOAD e:/program files/truestudio for stm32 9.2.0/armtools/bin/../lib/gcc/arm-atollic-eabi/6.3.1/armv7-m/crti.o
LOAD e:/program files/truestudio for stm32 9.2.0/armtools/bin/../lib/gcc/arm-atollic-eabi/6.3.1/armv7-m/crtbegin.o
LOAD Drivers\STM32F1xx_HAL_Driver\Src\stm32f1xx_hal.o
LOAD Drivers\STM32F1xx_HAL_Driver\Src\stm32f1xx_hal_cortex.o
LOAD Drivers\STM32F1xx_HAL_Driver\Src\stm32f1xx_hal_dma.o
LOAD Drivers\STM32F1xx_HAL_Driver\Src\stm32f1xx_hal_exti.o
LOAD Drivers\STM32F1xx_HAL_Driver\Src\stm32f1xx_hal_flash.o
LOAD Drivers\STM32F1xx_HAL_Driver\Src\stm32f1xx_hal_flash_ex.o
LOAD Drivers\STM32F1xx_HAL_Driver\Src\stm32f1xx_hal_gpio.o
LOAD Drivers\STM32F1xx_HAL_Driver\Src\stm32f1xx_hal_gpio_ex.o
LOAD Drivers\STM32F1xx_HAL_Driver\Src\stm32f1xx_hal_i2c.o
LOAD Drivers\STM32F1xx_HAL_Driver\Src\stm32f1xx_hal_pwr.o
LOAD Drivers\STM32F1xx_HAL_Driver\Src\stm32f1xx_hal_rcc.o
LOAD Drivers\STM32F1xx_HAL_Driver\Src\stm32f1xx_hal_rcc_ex.o
LOAD Drivers\STM32F1xx_HAL_Driver\Src\stm32f1xx_hal_tim.o
LOAD Drivers\STM32F1xx_HAL_Driver\Src\stm32f1xx_hal_tim_ex.o
LOAD Drivers\STM32F1xx_HAL_Driver\Src\stm32f1xx_hal_uart.o
LOAD Drivers\vl53l0x\vl53l0x_api.o
LOAD Drivers\vl53l0x\vl53l0x_api_calibration.o
LOAD Drivers\vl53l0x\vl53l0x_api_core.o
LOAD Drivers\vl53l0x\vl53l0x_api_ranging.o
LOAD Drivers\vl53l0x\vl53l0x_api_strings.o
LOAD Drivers\vl53l0x\vl53l0x_platform.o
LOAD Drivers\vl53l0x\vl53l0x_platform_log.o
LOAD Src\gpio.o
LOAD Src\i2c.o
LOAD Src\main.o
LOAD Src\stm32f1xx_hal_msp.o
LOAD Src\stm32f1xx_it.o
LOAD Src\syscalls.o
LOAD Src\system_stm32f1xx.o
LOAD Src\tim.o
LOAD Src\usart.o
LOAD startup\startup_stm32f103xb.o
                0x00000080                malloc_getpagesize_P = 0x80
START GROUP
LOAD e:/program files/truestudio for stm32 9.2.0/armtools/bin/../lib/gcc/arm-atollic-eabi/6.3.1/../../../../arm-atollic-eabi/lib/armv7-m\libc_nano.a
LOAD e:/program files/truestudio for stm32 9.2.0/armtools/bin/../lib/gcc/arm-atollic-eabi/6.3.1/../../../../arm-atollic-eabi/lib/armv7-m\libm.a
END GROUP
START GROUP
LOAD e:/program files/truestudio for stm32 9.2.0/armtools/bin/../lib/gcc/arm-atollic-eabi/6.3.1/armv7-m\libgcc.a
LOAD e:/program files/truestudio for stm32 9.2.0/armtools/bin/../lib/gcc/arm-atollic-eabi/6.3.1/../../../../arm-atollic-eabi/lib/armv7-m\libc_nano.a
END GROUP
START GROUP
LOAD e:/program files/truestudio for stm32 9.2.0/armtools/bin/../lib/gcc/arm-atollic-eabi/6.3.1/armv7-m\libgcc.a
LOAD e:/program files/truestudio for stm32 9.2.0/armtools/bin/../lib/gcc/arm-atollic-eabi/6.3.1/../../../../arm-atollic-eabi/lib/armv7-m\libc_nano.a
LOAD e:/program files/truestudio for stm32 9.2.0/armtools/bin/../lib/gcc/arm-atollic-eabi/6.3.1/../../../../arm-atollic-eabi/lib/armv7-m\libnosys.a
END GROUP
START GROUP
LOAD e:/program files/truestudio for stm32 9.2.0/armtools/bin/../lib/gcc/arm-atollic-eabi/6.3.1/armv7-m\libgcc.a
LOAD e:/program files/truestudio for stm32 9.2.0/armtools/bin/../lib/gcc/arm-atollic-eabi/6.3.1/../../../../arm-atollic-eabi/lib/armv7-m\libc_nano.a
LOAD e:/program files/truestudio for stm32 9.2.0/armtools/bin/../lib/gcc/arm-atollic-eabi/6.3.1/../../../../arm-atollic-eabi/lib/armv7-m\libnosys.a
END GROUP
LOAD e:/program files/truestudio for stm32 9.2.0/armtools/bin/../lib/gcc/arm-atollic-eabi/6.3.1/armv7-m/crtend.o
LOAD e:/program files/truestudio for stm32 9.2.0/armtools/bin/../lib/gcc/arm-atollic-eabi/6.3.1/armv7-m/crtn.o
                0x20005000                _estack = 0x20005000
                0x00000200                _Min_Heap_Size = 0x200
                0x00000400                _Min_Stack_Size = 0x400

.isr_vector     0x08000000      0x10c
                0x08000000                . = ALIGN (0x4)
 *(.isr_vector)
 .isr_vector    0x08000000      0x10c startup\startup_stm32f103xb.o
                0x08000000                g_pfnVectors
                0x0800010c                . = ALIGN (0x4)

.text           0x0800010c     0x5510
                0x0800010c                . = ALIGN (0x4)
 *(.text)
 .text          0x0800010c       0x40 e:/program files/truestudio for stm32 9.2.0/armtools/bin/../lib/gcc/arm-atollic-eabi/6.3.1/armv7-m/crtbegin.o
 *(.text*)
 .text.HAL_InitTick
                0x0800014c       0x48 Drivers\STM32F1xx_HAL_Driver\Src\stm32f1xx_hal.o
                0x0800014c                HAL_InitTick
 .text.HAL_Init
                0x08000194       0x24 Drivers\STM32F1xx_HAL_Driver\Src\stm32f1xx_hal.o
                0x08000194                HAL_Init
 .text.HAL_IncTick
                0x080001b8       0x18 Drivers\STM32F1xx_HAL_Driver\Src\stm32f1xx_hal.o
                0x080001b8                HAL_IncTick
 .text.HAL_GetTick
                0x080001d0        0xc Drivers\STM32F1xx_HAL_Driver\Src\stm32f1xx_hal.o
                0x080001d0                HAL_GetTick
 .text.HAL_Delay
                0x080001dc       0x24 Drivers\STM32F1xx_HAL_Driver\Src\stm32f1xx_hal.o
                0x080001dc                HAL_Delay
 .text.HAL_NVIC_SetPriorityGrouping
                0x08000200       0x24 Drivers\STM32F1xx_HAL_Driver\Src\stm32f1xx_hal_cortex.o
                0x08000200                HAL_NVIC_SetPriorityGrouping
 .text.HAL_NVIC_SetPriority
                0x08000224       0x68 Drivers\STM32F1xx_HAL_Driver\Src\stm32f1xx_hal_cortex.o
                0x08000224                HAL_NVIC_SetPriority
 .text.HAL_NVIC_EnableIRQ
                0x0800028c       0x1c Drivers\STM32F1xx_HAL_Driver\Src\stm32f1xx_hal_cortex.o
                0x0800028c                HAL_NVIC_EnableIRQ
 .text.HAL_SYSTICK_Config
                0x080002a8       0x2c Drivers\STM32F1xx_HAL_Driver\Src\stm32f1xx_hal_cortex.o
                0x080002a8                HAL_SYSTICK_Config
 .text.HAL_DMA_Abort_IT
                0x080002d4       0x90 Drivers\STM32F1xx_HAL_Driver\Src\stm32f1xx_hal_dma.o
                0x080002d4                HAL_DMA_Abort_IT
 .text.HAL_DMA_GetState
                0x08000364        0x6 Drivers\STM32F1xx_HAL_Driver\Src\stm32f1xx_hal_dma.o
                0x08000364                HAL_DMA_GetState
 *fill*         0x0800036a        0x2 
 .text.HAL_GPIO_Init
                0x0800036c      0x1c4 Drivers\STM32F1xx_HAL_Driver\Src\stm32f1xx_hal_gpio.o
                0x0800036c                HAL_GPIO_Init
 .text.HAL_GPIO_WritePin
                0x08000530        0xa Drivers\STM32F1xx_HAL_Driver\Src\stm32f1xx_hal_gpio.o
                0x08000530                HAL_GPIO_WritePin
 .text.I2C_IsAcknowledgeFailed
                0x0800053a       0x32 Drivers\STM32F1xx_HAL_Driver\Src\stm32f1xx_hal_i2c.o
 .text.I2C_WaitOnMasterAddressFlagUntilTimeout
                0x0800056c       0x8a Drivers\STM32F1xx_HAL_Driver\Src\stm32f1xx_hal_i2c.o
 .text.I2C_WaitOnBTFFlagUntilTimeout
                0x080005f6       0x4c Drivers\STM32F1xx_HAL_Driver\Src\stm32f1xx_hal_i2c.o
 .text.I2C_WaitOnRXNEFlagUntilTimeout
                0x08000642       0x5e Drivers\STM32F1xx_HAL_Driver\Src\stm32f1xx_hal_i2c.o
 .text.I2C_WaitOnFlagUntilTimeout
                0x080006a0       0x64 Drivers\STM32F1xx_HAL_Driver\Src\stm32f1xx_hal_i2c.o
 .text.I2C_WaitOnTXEFlagUntilTimeout
                0x08000704       0x4c Drivers\STM32F1xx_HAL_Driver\Src\stm32f1xx_hal_i2c.o
 .text.HAL_I2C_Init
                0x08000750      0x148 Drivers\STM32F1xx_HAL_Driver\Src\stm32f1xx_hal_i2c.o
                0x08000750                HAL_I2C_Init
 .text.HAL_I2C_Master_Transmit
                0x08000898      0x19c Drivers\STM32F1xx_HAL_Driver\Src\stm32f1xx_hal_i2c.o
                0x08000898                HAL_I2C_Master_Transmit
 .text.HAL_I2C_Master_Receive
                0x08000a34      0x2f0 Drivers\STM32F1xx_HAL_Driver\Src\stm32f1xx_hal_i2c.o
                0x08000a34                HAL_I2C_Master_Receive
 .text.HAL_I2C_MasterTxCpltCallback
                0x08000d24        0x2 Drivers\STM32F1xx_HAL_Driver\Src\stm32f1xx_hal_i2c.o
                0x08000d24                HAL_I2C_MasterTxCpltCallback
 .text.HAL_I2C_MasterRxCpltCallback
                0x08000d26        0x2 Drivers\STM32F1xx_HAL_Driver\Src\stm32f1xx_hal_i2c.o
                0x08000d26                HAL_I2C_MasterRxCpltCallback
 .text.HAL_I2C_SlaveTxCpltCallback
                0x08000d28        0x2 Drivers\STM32F1xx_HAL_Driver\Src\stm32f1xx_hal_i2c.o
                0x08000d28                HAL_I2C_SlaveTxCpltCallback
 .text.HAL_I2C_SlaveRxCpltCallback
                0x08000d2a        0x2 Drivers\STM32F1xx_HAL_Driver\Src\stm32f1xx_hal_i2c.o
                0x08000d2a                HAL_I2C_SlaveRxCpltCallback
 .text.HAL_I2C_AddrCallback
                0x08000d2c        0x2 Drivers\STM32F1xx_HAL_Driver\Src\stm32f1xx_hal_i2c.o
                0x08000d2c                HAL_I2C_AddrCallback
 .text.HAL_I2C_ListenCpltCallback
                0x08000d2e        0x2 Drivers\STM32F1xx_HAL_Driver\Src\stm32f1xx_hal_i2c.o
                0x08000d2e                HAL_I2C_ListenCpltCallback
 .text.HAL_I2C_MemTxCpltCallback
                0x08000d30        0x2 Drivers\STM32F1xx_HAL_Driver\Src\stm32f1xx_hal_i2c.o
                0x08000d30                HAL_I2C_MemTxCpltCallback
 .text.HAL_I2C_MemRxCpltCallback
                0x08000d32        0x2 Drivers\STM32F1xx_HAL_Driver\Src\stm32f1xx_hal_i2c.o
                0x08000d32                HAL_I2C_MemRxCpltCallback
 .text.HAL_I2C_ErrorCallback
                0x08000d34        0x2 Drivers\STM32F1xx_HAL_Driver\Src\stm32f1xx_hal_i2c.o
                0x08000d34                HAL_I2C_ErrorCallback
 .text.HAL_I2C_AbortCpltCallback
                0x08000d36        0x2 Drivers\STM32F1xx_HAL_Driver\Src\stm32f1xx_hal_i2c.o
                0x08000d36                HAL_I2C_AbortCpltCallback
 .text.I2C_DMAAbort
                0x08000d38       0x76 Drivers\STM32F1xx_HAL_Driver\Src\stm32f1xx_hal_i2c.o
 *fill*         0x08000dae        0x2 
 .text.I2C_ITError
                0x08000db0      0x144 Drivers\STM32F1xx_HAL_Driver\Src\stm32f1xx_hal_i2c.o
 .text.HAL_I2C_EV_IRQHandler
                0x08000ef4      0x858 Drivers\STM32F1xx_HAL_Driver\Src\stm32f1xx_hal_i2c.o
                0x08000ef4                HAL_I2C_EV_IRQHandler
 .text.HAL_I2C_ER_IRQHandler
                0x0800174c      0x134 Drivers\STM32F1xx_HAL_Driver\Src\stm32f1xx_hal_i2c.o
                0x0800174c                HAL_I2C_ER_IRQHandler
 .text.HAL_RCC_OscConfig
                0x08001880      0x33c Drivers\STM32F1xx_HAL_Driver\Src\stm32f1xx_hal_rcc.o
                0x08001880                HAL_RCC_OscConfig
 .text.HAL_RCC_GetSysClockFreq
                0x08001bbc       0x78 Drivers\STM32F1xx_HAL_Driver\Src\stm32f1xx_hal_rcc.o
                0x08001bbc                HAL_RCC_GetSysClockFreq
 .text.HAL_RCC_ClockConfig
                0x08001c34      0x13c Drivers\STM32F1xx_HAL_Driver\Src\stm32f1xx_hal_rcc.o
                0x08001c34                HAL_RCC_ClockConfig
 .text.HAL_RCC_GetPCLK1Freq
                0x08001d70       0x20 Drivers\STM32F1xx_HAL_Driver\Src\stm32f1xx_hal_rcc.o
                0x08001d70                HAL_RCC_GetPCLK1Freq
 .text.HAL_RCC_GetPCLK2Freq
                0x08001d90       0x20 Drivers\STM32F1xx_HAL_Driver\Src\stm32f1xx_hal_rcc.o
                0x08001d90                HAL_RCC_GetPCLK2Freq
 .text.TIM_OC1_SetConfig
                0x08001db0       0x50 Drivers\STM32F1xx_HAL_Driver\Src\stm32f1xx_hal_tim.o
 .text.TIM_OC3_SetConfig
                0x08001e00       0x54 Drivers\STM32F1xx_HAL_Driver\Src\stm32f1xx_hal_tim.o
 .text.TIM_OC4_SetConfig
                0x08001e54       0x44 Drivers\STM32F1xx_HAL_Driver\Src\stm32f1xx_hal_tim.o
 .text.HAL_TIM_PWM_MspInit
                0x08001e98        0x2 Drivers\STM32F1xx_HAL_Driver\Src\stm32f1xx_hal_tim.o
                0x08001e98                HAL_TIM_PWM_MspInit
 .text.HAL_TIM_PeriodElapsedCallback
                0x08001e9a        0x2 Drivers\STM32F1xx_HAL_Driver\Src\stm32f1xx_hal_tim.o
                0x08001e9a                HAL_TIM_PeriodElapsedCallback
 .text.HAL_TIM_OC_DelayElapsedCallback
                0x08001e9c        0x2 Drivers\STM32F1xx_HAL_Driver\Src\stm32f1xx_hal_tim.o
                0x08001e9c                HAL_TIM_OC_DelayElapsedCallback
 .text.HAL_TIM_IC_CaptureCallback
                0x08001e9e        0x2 Drivers\STM32F1xx_HAL_Driver\Src\stm32f1xx_hal_tim.o
                0x08001e9e                HAL_TIM_IC_CaptureCallback
 .text.HAL_TIM_PWM_PulseFinishedCallback
                0x08001ea0        0x2 Drivers\STM32F1xx_HAL_Driver\Src\stm32f1xx_hal_tim.o
                0x08001ea0                HAL_TIM_PWM_PulseFinishedCallback
 .text.HAL_TIM_TriggerCallback
                0x08001ea2        0x2 Drivers\STM32F1xx_HAL_Driver\Src\stm32f1xx_hal_tim.o
                0x08001ea2                HAL_TIM_TriggerCallback
 .text.HAL_TIM_IRQHandler
                0x08001ea4      0x144 Drivers\STM32F1xx_HAL_Driver\Src\stm32f1xx_hal_tim.o
                0x08001ea4                HAL_TIM_IRQHandler
 .text.TIM_Base_SetConfig
                0x08001fe8       0x70 Drivers\STM32F1xx_HAL_Driver\Src\stm32f1xx_hal_tim.o
                0x08001fe8                TIM_Base_SetConfig
 .text.HAL_TIM_Base_Init
                0x08002058       0x34 Drivers\STM32F1xx_HAL_Driver\Src\stm32f1xx_hal_tim.o
                0x08002058                HAL_TIM_Base_Init
 .text.HAL_TIM_PWM_Init
                0x0800208c       0x34 Drivers\STM32F1xx_HAL_Driver\Src\stm32f1xx_hal_tim.o
                0x0800208c                HAL_TIM_PWM_Init
 .text.TIM_OC2_SetConfig
                0x080020c0       0x58 Drivers\STM32F1xx_HAL_Driver\Src\stm32f1xx_hal_tim.o
                0x080020c0                TIM_OC2_SetConfig
 .text.HAL_TIM_PWM_ConfigChannel
                0x08002118       0xc4 Drivers\STM32F1xx_HAL_Driver\Src\stm32f1xx_hal_tim.o
                0x08002118                HAL_TIM_PWM_ConfigChannel
 .text.TIM_ETR_SetConfig
                0x080021dc       0x14 Drivers\STM32F1xx_HAL_Driver\Src\stm32f1xx_hal_tim.o
                0x080021dc                TIM_ETR_SetConfig
 .text.HAL_TIM_ConfigClockSource
                0x080021f0      0x128 Drivers\STM32F1xx_HAL_Driver\Src\stm32f1xx_hal_tim.o
                0x080021f0                HAL_TIM_ConfigClockSource
 .text.HAL_TIMEx_MasterConfigSynchronization
                0x08002318       0x3c Drivers\STM32F1xx_HAL_Driver\Src\stm32f1xx_hal_tim_ex.o
                0x08002318                HAL_TIMEx_MasterConfigSynchronization
 .text.HAL_TIMEx_CommutCallback
                0x08002354        0x2 Drivers\STM32F1xx_HAL_Driver\Src\stm32f1xx_hal_tim_ex.o
                0x08002354                HAL_TIMEx_CommutCallback
 .text.HAL_TIMEx_BreakCallback
                0x08002356        0x2 Drivers\STM32F1xx_HAL_Driver\Src\stm32f1xx_hal_tim_ex.o
                0x08002356                HAL_TIMEx_BreakCallback
 .text.UART_EndRxTransfer
                0x08002358       0x1a Drivers\STM32F1xx_HAL_Driver\Src\stm32f1xx_hal_uart.o
 *fill*         0x08002372        0x2 
 .text.UART_SetConfig
                0x08002374       0x74 Drivers\STM32F1xx_HAL_Driver\Src\stm32f1xx_hal_uart.o
 .text.HAL_UART_Init
                0x080023e8       0x5c Drivers\STM32F1xx_HAL_Driver\Src\stm32f1xx_hal_uart.o
                0x080023e8                HAL_UART_Init
 .text.HAL_UART_TxCpltCallback
                0x08002444        0x2 Drivers\STM32F1xx_HAL_Driver\Src\stm32f1xx_hal_uart.o
                0x08002444                HAL_UART_TxCpltCallback
 .text.HAL_UART_RxCpltCallback
                0x08002446        0x2 Drivers\STM32F1xx_HAL_Driver\Src\stm32f1xx_hal_uart.o
                0x08002446                HAL_UART_RxCpltCallback
 .text.UART_Receive_IT
                0x08002448       0x7c Drivers\STM32F1xx_HAL_Driver\Src\stm32f1xx_hal_uart.o
 .text.HAL_UART_ErrorCallback
                0x080024c4        0x2 Drivers\STM32F1xx_HAL_Driver\Src\stm32f1xx_hal_uart.o
                0x080024c4                HAL_UART_ErrorCallback
 *fill*         0x080024c6        0x2 
 .text.HAL_UART_IRQHandler
                0x080024c8      0x140 Drivers\STM32F1xx_HAL_Driver\Src\stm32f1xx_hal_uart.o
                0x080024c8                HAL_UART_IRQHandler
 .text.UART_DMAAbortOnError
                0x08002608       0x10 Drivers\STM32F1xx_HAL_Driver\Src\stm32f1xx_hal_uart.o
 .text.VL53L0X_ResetDevice
                0x08002618       0x60 Drivers\vl53l0x\vl53l0x_api.o
                0x08002618                VL53L0X_ResetDevice
 .text.VL53L0X_SetDeviceMode
                0x08002678       0x20 Drivers\vl53l0x\vl53l0x_api.o
                0x08002678                VL53L0X_SetDeviceMode
 .text.VL53L0X_GetFractionEnable
                0x08002698       0x18 Drivers\vl53l0x\vl53l0x_api.o
                0x08002698                VL53L0X_GetFractionEnable
 .text.VL53L0X_SetMeasurementTimingBudgetMicroSeconds
                0x080026b0        0x4 Drivers\vl53l0x\vl53l0x_api.o
                0x080026b0                VL53L0X_SetMeasurementTimingBudgetMicroSeconds
 .text.VL53L0X_SetVcselPulsePeriod
                0x080026b4        0x4 Drivers\vl53l0x\vl53l0x_api.o
                0x080026b4                VL53L0X_SetVcselPulsePeriod
 .text.VL53L0X_GetVcselPulsePeriod
                0x080026b8        0x4 Drivers\vl53l0x\vl53l0x_api.o
                0x080026b8                VL53L0X_GetVcselPulsePeriod
 .text.VL53L0X_SetSequenceStepEnable
                0x080026bc       0xa2 Drivers\vl53l0x\vl53l0x_api.o
                0x080026bc                VL53L0X_SetSequenceStepEnable
 .text.VL53L0X_GetSequenceStepEnables
                0x0800275e       0x38 Drivers\vl53l0x\vl53l0x_api.o
                0x0800275e                VL53L0X_GetSequenceStepEnables
 .text.VL53L0X_GetInterMeasurementPeriodMilliSeconds
                0x08002796       0x34 Drivers\vl53l0x\vl53l0x_api.o
                0x08002796                VL53L0X_GetInterMeasurementPeriodMilliSeconds
 .text.VL53L0X_GetXTalkCompensationEnable
                0x080027ca        0x8 Drivers\vl53l0x\vl53l0x_api.o
                0x080027ca                VL53L0X_GetXTalkCompensationEnable
 .text.VL53L0X_GetXTalkCompensationRateMegaCps
                0x080027d2       0x2e Drivers\vl53l0x\vl53l0x_api.o
                0x080027d2                VL53L0X_GetXTalkCompensationRateMegaCps
 .text.VL53L0X_SetLimitCheckEnable
                0x08002800       0x7e Drivers\vl53l0x\vl53l0x_api.o
                0x08002800                VL53L0X_SetLimitCheckEnable
 .text.VL53L0X_GetLimitCheckEnable
                0x0800287e       0x1a Drivers\vl53l0x\vl53l0x_api.o
                0x0800287e                VL53L0X_GetLimitCheckEnable
 .text.VL53L0X_SetLimitCheckValue
                0x08002898       0x5a Drivers\vl53l0x\vl53l0x_api.o
                0x08002898                VL53L0X_SetLimitCheckValue
 .text.VL53L0X_GetLimitCheckValue
                0x080028f2       0x6a Drivers\vl53l0x\vl53l0x_api.o
                0x080028f2                VL53L0X_GetLimitCheckValue
 .text.VL53L0X_GetWrapAroundCheckEnable
                0x0800295c       0x2e Drivers\vl53l0x\vl53l0x_api.o
                0x0800295c                VL53L0X_GetWrapAroundCheckEnable
 .text.VL53L0X_GetDeviceParameters
                0x0800298a       0x76 Drivers\vl53l0x\vl53l0x_api.o
                0x0800298a                VL53L0X_GetDeviceParameters
 .text.VL53L0X_DataInit
                0x08002a00      0x188 Drivers\vl53l0x\vl53l0x_api.o
                0x08002a00                VL53L0X_DataInit
 .text.VL53L0X_PerformRefCalibration
                0x08002b88        0x6 Drivers\vl53l0x\vl53l0x_api.o
                0x08002b88                VL53L0X_PerformRefCalibration
 .text.VL53L0X_GetRangingMeasurementData
                0x08002b8e      0x13a Drivers\vl53l0x\vl53l0x_api.o
                0x08002b8e                VL53L0X_GetRangingMeasurementData
 .text.VL53L0X_GetInterruptThresholds
                0x08002cc8       0x40 Drivers\vl53l0x\vl53l0x_api.o
                0x08002cc8                VL53L0X_GetInterruptThresholds
 .text.VL53L0X_CheckAndLoadInterruptSettings
                0x08002d08       0x80 Drivers\vl53l0x\vl53l0x_api.o
                0x08002d08                VL53L0X_CheckAndLoadInterruptSettings
 .text.VL53L0X_StartMeasurement
                0x08002d88       0xd2 Drivers\vl53l0x\vl53l0x_api.o
                0x08002d88                VL53L0X_StartMeasurement
 .text.VL53L0X_PerformSingleMeasurement
                0x08002e5a       0x28 Drivers\vl53l0x\vl53l0x_api.o
                0x08002e5a                VL53L0X_PerformSingleMeasurement
 .text.VL53L0X_ClearInterruptMask
                0x08002e82       0x58 Drivers\vl53l0x\vl53l0x_api.o
                0x08002e82                VL53L0X_ClearInterruptMask
 .text.VL53L0X_PerformSingleRangingMeasurement
                0x08002eda       0x28 Drivers\vl53l0x\vl53l0x_api.o
                0x08002eda                VL53L0X_PerformSingleRangingMeasurement
 .text.VL53L0X_SetGpioConfig
                0x08002f02      0x15c Drivers\vl53l0x\vl53l0x_api.o
                0x08002f02                VL53L0X_SetGpioConfig
 *fill*         0x0800305e        0x2 
 .text.VL53L0X_StaticInit
                0x08003060      0x1a8 Drivers\vl53l0x\vl53l0x_api.o
                0x08003060                VL53L0X_StaticInit
 .text.VL53L0X_GetInterruptMaskStatus
                0x08003208       0x26 Drivers\vl53l0x\vl53l0x_api.o
                0x08003208                VL53L0X_GetInterruptMaskStatus
 .text.VL53L0X_GetMeasurementDataReady
                0x0800322e       0x3c Drivers\vl53l0x\vl53l0x_api.o
                0x0800322e                VL53L0X_GetMeasurementDataReady
 .text.VL53L0X_PerformRefSpadManagement
                0x0800326a        0x4 Drivers\vl53l0x\vl53l0x_api.o
                0x0800326a                VL53L0X_PerformRefSpadManagement
 .text.VL53L0X_get_offset_calibration_data_micro_meter
                0x0800326e       0x2c Drivers\vl53l0x\vl53l0x_api_calibration.o
                0x0800326e                VL53L0X_get_offset_calibration_data_micro_meter
 .text.get_next_good_spad
                0x0800329a       0x50 Drivers\vl53l0x\vl53l0x_api_calibration.o
                0x0800329a                get_next_good_spad
 *fill*         0x080032ea        0x2 
 .text.is_aperture
                0x080032ec       0x14 Drivers\vl53l0x\vl53l0x_api_calibration.o
                0x080032ec                is_aperture
 .text.enable_spad_bit
                0x08003300       0x20 Drivers\vl53l0x\vl53l0x_api_calibration.o
                0x08003300                enable_spad_bit
 .text.set_ref_spad_map
                0x08003320        0xa Drivers\vl53l0x\vl53l0x_api_calibration.o
                0x08003320                set_ref_spad_map
 .text.get_ref_spad_map
                0x0800332a        0xa Drivers\vl53l0x\vl53l0x_api_calibration.o
                0x0800332a                get_ref_spad_map
 .text.enable_ref_spads
                0x08003334       0x96 Drivers\vl53l0x\vl53l0x_api_calibration.o
                0x08003334                enable_ref_spads
 .text.perform_ref_signal_measurement
                0x080033ca       0x58 Drivers\vl53l0x\vl53l0x_api_calibration.o
                0x080033ca                perform_ref_signal_measurement
 .text.VL53L0X_set_reference_spads
                0x08003422       0xaa Drivers\vl53l0x\vl53l0x_api_calibration.o
                0x08003422                VL53L0X_set_reference_spads
 .text.VL53L0X_perform_single_ref_calibration
                0x080034cc       0x32 Drivers\vl53l0x\vl53l0x_api_calibration.o
                0x080034cc                VL53L0X_perform_single_ref_calibration
 .text.VL53L0X_ref_calibration_io
                0x080034fe       0xd0 Drivers\vl53l0x\vl53l0x_api_calibration.o
                0x080034fe                VL53L0X_ref_calibration_io
 .text.VL53L0X_perform_vhv_calibration
                0x080035ce       0x74 Drivers\vl53l0x\vl53l0x_api_calibration.o
                0x080035ce                VL53L0X_perform_vhv_calibration
 .text.VL53L0X_perform_phase_calibration
                0x08003642       0x6e Drivers\vl53l0x\vl53l0x_api_calibration.o
                0x08003642                VL53L0X_perform_phase_calibration
 .text.VL53L0X_perform_ref_calibration
                0x080036b0       0x36 Drivers\vl53l0x\vl53l0x_api_calibration.o
                0x080036b0                VL53L0X_perform_ref_calibration
 .text.VL53L0X_perform_ref_spad_management
                0x080036e6      0x268 Drivers\vl53l0x\vl53l0x_api_calibration.o
                0x080036e6                VL53L0X_perform_ref_spad_management
 .text.VL53L0X_measurement_poll_for_completion
                0x0800394e       0x36 Drivers\vl53l0x\vl53l0x_api_core.o
                0x0800394e                VL53L0X_measurement_poll_for_completion
 .text.VL53L0X_isqrt
                0x08003984       0x2a Drivers\vl53l0x\vl53l0x_api_core.o
                0x08003984                VL53L0X_isqrt
 .text.VL53L0X_device_read_strobe
                0x080039ae       0x44 Drivers\vl53l0x\vl53l0x_api_core.o
                0x080039ae                VL53L0X_device_read_strobe
 .text.VL53L0X_get_info_from_device
                0x080039f2      0x554 Drivers\vl53l0x\vl53l0x_api_core.o
                0x080039f2                VL53L0X_get_info_from_device
 .text.VL53L0X_encode_timeout
                0x08003f46       0x1e Drivers\vl53l0x\vl53l0x_api_core.o
                0x08003f46                VL53L0X_encode_timeout
 .text.VL53L0X_decode_timeout
                0x08003f64        0xc Drivers\vl53l0x\vl53l0x_api_core.o
                0x08003f64                VL53L0X_decode_timeout
 .text.VL53L0X_calc_timeout_mclks
                0x08003f70       0x28 Drivers\vl53l0x\vl53l0x_api_core.o
                0x08003f70                VL53L0X_calc_timeout_mclks
 .text.VL53L0X_calc_timeout_us
                0x08003f98       0x20 Drivers\vl53l0x\vl53l0x_api_core.o
                0x08003f98                VL53L0X_calc_timeout_us
 .text.get_sequence_step_timeout
                0x08003fb8      0x106 Drivers\vl53l0x\vl53l0x_api_core.o
                0x08003fb8                get_sequence_step_timeout
 .text.set_sequence_step_timeout
                0x080040be      0x10c Drivers\vl53l0x\vl53l0x_api_core.o
                0x080040be                set_sequence_step_timeout
 .text.VL53L0X_set_vcsel_pulse_period
                0x080041ca      0x216 Drivers\vl53l0x\vl53l0x_api_core.o
                0x080041ca                VL53L0X_set_vcsel_pulse_period
 .text.VL53L0X_get_vcsel_pulse_period
                0x080043e0       0x32 Drivers\vl53l0x\vl53l0x_api_core.o
                0x080043e0                VL53L0X_get_vcsel_pulse_period
 .text.VL53L0X_set_measurement_timing_budget_micro_seconds
                0x08004412       0xc2 Drivers\vl53l0x\vl53l0x_api_core.o
                0x08004412                VL53L0X_set_measurement_timing_budget_micro_seconds
 .text.VL53L0X_get_measurement_timing_budget_micro_seconds
                0x080044d4       0xca Drivers\vl53l0x\vl53l0x_api_core.o
                0x080044d4                VL53L0X_get_measurement_timing_budget_micro_seconds
 .text.VL53L0X_load_tuning_settings
                0x0800459e       0xa6 Drivers\vl53l0x\vl53l0x_api_core.o
                0x0800459e                VL53L0X_load_tuning_settings
 .text.VL53L0X_get_total_xtalk_rate
                0x08004644       0x2c Drivers\vl53l0x\vl53l0x_api_core.o
                0x08004644                VL53L0X_get_total_xtalk_rate
 .text.VL53L0X_get_total_signal_rate
                0x08004670       0x1c Drivers\vl53l0x\vl53l0x_api_core.o
                0x08004670                VL53L0X_get_total_signal_rate
 .text.VL53L0X_calc_dmax
                0x0800468c       0xcc Drivers\vl53l0x\vl53l0x_api_core.o
                0x0800468c                VL53L0X_calc_dmax
 .text.VL53L0X_calc_sigma_estimate
                0x08004758      0x21c Drivers\vl53l0x\vl53l0x_api_core.o
                0x08004758                VL53L0X_calc_sigma_estimate
 .text.VL53L0X_get_pal_range_status
                0x08004974      0x206 Drivers\vl53l0x\vl53l0x_api_core.o
                0x08004974                VL53L0X_get_pal_range_status
 .text._I2CWrite
                0x08004b7a       0x1e Drivers\vl53l0x\vl53l0x_platform.o
                0x08004b7a                _I2CWrite
 .text._I2CRead
                0x08004b98       0x20 Drivers\vl53l0x\vl53l0x_platform.o
                0x08004b98                _I2CRead
 .text.VL53L0X_WriteMulti
                0x08004bb8       0x3c Drivers\vl53l0x\vl53l0x_platform.o
                0x08004bb8                VL53L0X_WriteMulti
 .text.VL53L0X_ReadMulti
                0x08004bf4       0x2c Drivers\vl53l0x\vl53l0x_platform.o
                0x08004bf4                VL53L0X_ReadMulti
 .text.VL53L0X_WrByte
                0x08004c20       0x20 Drivers\vl53l0x\vl53l0x_platform.o
                0x08004c20                VL53L0X_WrByte
 .text.VL53L0X_WrWord
                0x08004c40       0x24 Drivers\vl53l0x\vl53l0x_platform.o
                0x08004c40                VL53L0X_WrWord
 .text.VL53L0X_RdByte
                0x08004c64       0x2a Drivers\vl53l0x\vl53l0x_platform.o
                0x08004c64                VL53L0X_RdByte
 .text.VL53L0X_UpdateByte
                0x08004c8e       0x2c Drivers\vl53l0x\vl53l0x_platform.o
                0x08004c8e                VL53L0X_UpdateByte
 *fill*         0x08004cba        0x2 
 .text.VL53L0X_RdWord
                0x08004cbc       0x40 Drivers\vl53l0x\vl53l0x_platform.o
                0x08004cbc                VL53L0X_RdWord
 .text.VL53L0X_RdDWord
                0x08004cfc       0x4c Drivers\vl53l0x\vl53l0x_platform.o
                0x08004cfc                VL53L0X_RdDWord
 .text.VL53L0X_PollingDelay
                0x08004d48        0xc Drivers\vl53l0x\vl53l0x_platform.o
                0x08004d48                VL53L0X_PollingDelay
 .text.MX_GPIO_Init
                0x08004d54       0xcc Src\gpio.o
                0x08004d54                MX_GPIO_Init
 .text.MX_I2C1_Init
                0x08004e20       0x40 Src\i2c.o
                0x08004e20                MX_I2C1_Init
 .text.HAL_I2C_MspInit
                0x08004e60       0x84 Src\i2c.o
                0x08004e60                HAL_I2C_MspInit
 .text.SystemClock_Config
                0x08004ee4       0x54 Src\main.o
                0x08004ee4                SystemClock_Config
 .text.DetectSensors
                0x08004f38       0x70 Src\main.o
                0x08004f38                DetectSensors
 .text.SetupSingleShot
                0x08004fa8       0xdc Src\main.o
                0x08004fa8                SetupSingleShot
 .text.startup.main
                0x08005084       0xac Src\main.o
                0x08005084                main
 .text.Error_Handler
                0x08005130        0x2 Src\main.o
                0x08005130                Error_Handler
 *fill*         0x08005132        0x2 
 .text.HAL_MspInit
                0x08005134       0x44 Src\stm32f1xx_hal_msp.o
                0x08005134                HAL_MspInit
 .text.NMI_Handler
                0x08005178        0x2 Src\stm32f1xx_it.o
                0x08005178                NMI_Handler
 .text.HardFault_Handler
                0x0800517a        0x2 Src\stm32f1xx_it.o
                0x0800517a                HardFault_Handler
 .text.MemManage_Handler
                0x0800517c        0x2 Src\stm32f1xx_it.o
                0x0800517c                MemManage_Handler
 .text.BusFault_Handler
                0x0800517e        0x2 Src\stm32f1xx_it.o
                0x0800517e                BusFault_Handler
 .text.UsageFault_Handler
                0x08005180        0x2 Src\stm32f1xx_it.o
                0x08005180                UsageFault_Handler
 .text.SVC_Handler
                0x08005182        0x2 Src\stm32f1xx_it.o
                0x08005182                SVC_Handler
 .text.DebugMon_Handler
                0x08005184        0x2 Src\stm32f1xx_it.o
                0x08005184                DebugMon_Handler
 .text.PendSV_Handler
                0x08005186        0x2 Src\stm32f1xx_it.o
                0x08005186                PendSV_Handler
 .text.SysTick_Handler
                0x08005188        0x4 Src\stm32f1xx_it.o
                0x08005188                SysTick_Handler
 .text.TIM3_IRQHandler
                0x0800518c        0xc Src\stm32f1xx_it.o
                0x0800518c                TIM3_IRQHandler
 .text.I2C1_EV_IRQHandler
                0x08005198        0xc Src\stm32f1xx_it.o
                0x08005198                I2C1_EV_IRQHandler
 .text.I2C1_ER_IRQHandler
                0x080051a4        0xc Src\stm32f1xx_it.o
                0x080051a4                I2C1_ER_IRQHandler
 .text.USART1_IRQHandler
                0x080051b0        0xc Src\stm32f1xx_it.o
                0x080051b0                USART1_IRQHandler
 .text.USART3_IRQHandler
                0x080051bc        0xc Src\stm32f1xx_it.o
                0x080051bc                USART3_IRQHandler
 .text.SystemInit
                0x080051c8       0x4c Src\system_stm32f1xx.o
                0x080051c8                SystemInit
 .text.MX_TIM3_Init
                0x08005214       0x68 Src\tim.o
                0x08005214                MX_TIM3_Init
 .text.HAL_TIM_Base_MspInit
                0x0800527c       0x5c Src\tim.o
                0x0800527c                HAL_TIM_Base_MspInit
 .text.HAL_TIM_MspPostInit
                0x080052d8       0x48 Src\tim.o
                0x080052d8                HAL_TIM_MspPostInit
 .text.MX_TIM2_Init
                0x08005320       0xb0 Src\tim.o
                0x08005320                MX_TIM2_Init
 .text.MX_USART1_UART_Init
                0x080053d0       0x38 Src\usart.o
                0x080053d0                MX_USART1_UART_Init
 .text.MX_USART3_UART_Init
                0x08005408       0x38 Src\usart.o
                0x08005408                MX_USART3_UART_Init
 .text.HAL_UART_MspInit
                0x08005440       0xf8 Src\usart.o
                0x08005440                HAL_UART_MspInit
 .text.Reset_Handler
                0x08005538       0x48 startup\startup_stm32f103xb.o
                0x08005538                Reset_Handler
 .text.Default_Handler
                0x08005580        0x2 startup\startup_stm32f103xb.o
                0x08005580                RTC_Alarm_IRQHandler
                0x08005580                EXTI2_IRQHandler
                0x08005580                TIM1_CC_IRQHandler
                0x08005580                PVD_IRQHandler
                0x08005580                EXTI3_IRQHandler
                0x08005580                EXTI0_IRQHandler
                0x08005580                I2C2_EV_IRQHandler
                0x08005580                ADC1_2_IRQHandler
                0x08005580                SPI1_IRQHandler
                0x08005580                TAMPER_IRQHandler
                0x08005580                DMA1_Channel4_IRQHandler
                0x08005580                RTC_IRQHandler
                0x08005580                DMA1_Channel7_IRQHandler
                0x08005580                CAN1_RX1_IRQHandler
                0x08005580                TIM4_IRQHandler
                0x08005580                DMA1_Channel6_IRQHandler
                0x08005580                RCC_IRQHandler
                0x08005580                TIM1_TRG_COM_IRQHandler
                0x08005580                DMA1_Channel1_IRQHandler
                0x08005580                Default_Handler
                0x08005580                EXTI15_10_IRQHandler
                0x08005580                EXTI9_5_IRQHandler
                0x08005580                SPI2_IRQHandler
                0x08005580                DMA1_Channel5_IRQHandler
                0x08005580                EXTI4_IRQHandler
                0x08005580                USB_LP_CAN1_RX0_IRQHandler
                0x08005580                USB_HP_CAN1_TX_IRQHandler
                0x08005580                DMA1_Channel3_IRQHandler
                0x08005580                TIM1_UP_IRQHandler
                0x08005580                WWDG_IRQHandler
                0x08005580                TIM2_IRQHandler
                0x08005580                TIM1_BRK_IRQHandler
                0x08005580                EXTI1_IRQHandler
                0x08005580                USART2_IRQHandler
                0x08005580                I2C2_ER_IRQHandler
                0x08005580                DMA1_Channel2_IRQHandler
                0x08005580                CAN1_SCE_IRQHandler
                0x08005580                FLASH_IRQHandler
                0x08005580                USBWakeUp_IRQHandler
 *fill*         0x08005582        0x2 
 .text.__libc_init_array
                0x08005584       0x48 e:/program files/truestudio for stm32 9.2.0/armtools/bin/../lib/gcc/arm-atollic-eabi/6.3.1/../../../../arm-atollic-eabi/lib/armv7-m\libc_nano.a(lib_a-init.o)
                0x08005584                __libc_init_array
 .text.memcpy   0x080055cc       0x16 e:/program files/truestudio for stm32 9.2.0/armtools/bin/../lib/gcc/arm-atollic-eabi/6.3.1/../../../../arm-atollic-eabi/lib/armv7-m\libc_nano.a(lib_a-memcpy-stub.o)
                0x080055cc                memcpy
 .text.memset   0x080055e2       0x10 e:/program files/truestudio for stm32 9.2.0/armtools/bin/../lib/gcc/arm-atollic-eabi/6.3.1/../../../../arm-atollic-eabi/lib/armv7-m\libc_nano.a(lib_a-memset.o)
                0x080055e2                memset
 .text.strcpy   0x080055f2       0x10 e:/program files/truestudio for stm32 9.2.0/armtools/bin/../lib/gcc/arm-atollic-eabi/6.3.1/../../../../arm-atollic-eabi/lib/armv7-m\libc_nano.a(lib_a-strcpy.o)
                0x080055f2                strcpy
 *(.glue_7)
 .glue_7        0x08005602        0x0 linker stubs
 *(.glue_7t)
 .glue_7t       0x08005602        0x0 linker stubs
 *(.eh_frame)
 *fill*         0x08005602        0x2 
 .eh_frame      0x08005604        0x0 e:/program files/truestudio for stm32 9.2.0/armtools/bin/../lib/gcc/arm-atollic-eabi/6.3.1/armv7-m/crtbegin.o
 *(.init)
 .init          0x08005604        0x4 e:/program files/truestudio for stm32 9.2.0/armtools/bin/../lib/gcc/arm-atollic-eabi/6.3.1/armv7-m/crti.o
                0x08005604                _init
 .init          0x08005608        0x8 e:/program files/truestudio for stm32 9.2.0/armtools/bin/../lib/gcc/arm-atollic-eabi/6.3.1/armv7-m/crtn.o
 *(.fini)
 .fini          0x08005610        0x4 e:/program files/truestudio for stm32 9.2.0/armtools/bin/../lib/gcc/arm-atollic-eabi/6.3.1/armv7-m/crti.o
                0x08005610                _fini
 .fini          0x08005614        0x8 e:/program files/truestudio for stm32 9.2.0/armtools/bin/../lib/gcc/arm-atollic-eabi/6.3.1/armv7-m/crtn.o
                0x0800561c                . = ALIGN (0x4)
                0x0800561c                _etext = .

.vfp11_veneer   0x0800561c        0x0
 .vfp11_veneer  0x0800561c        0x0 linker stubs

.v4_bx          0x0800561c        0x0
 .v4_bx         0x0800561c        0x0 linker stubs

.iplt           0x0800561c        0x0
 .iplt          0x0800561c        0x0 e:/program files/truestudio for stm32 9.2.0/armtools/bin/../lib/gcc/arm-atollic-eabi/6.3.1/armv7-m/crtbegin.o

.rodata         0x0800561c       0x50
                0x0800561c                . = ALIGN (0x4)
 *(.rodata)
 .rodata        0x0800561c       0x10 Drivers\STM32F1xx_HAL_Driver\Src\stm32f1xx_hal_rcc.o
 *(.rodata*)
 .rodata.CSWTCH.14
                0x0800562c        0x6 Src\main.o
 *fill*         0x08005632        0x2 
 .rodata.CSWTCH.15
                0x08005634        0xc Src\main.o
 .rodata.CSWTCH.16
                0x08005640        0xc Src\main.o
 .rodata.CSWTCH.17
                0x0800564c        0x3 Src\main.o
 .rodata.CSWTCH.18
                0x0800564f        0x3 Src\main.o
 .rodata.AHBPrescTable
                0x08005652       0x10 Src\system_stm32f1xx.o
                0x08005652                AHBPrescTable
 .rodata.APBPrescTable
                0x08005662        0x8 Src\system_stm32f1xx.o
                0x08005662                APBPrescTable
                0x0800566c                . = ALIGN (0x4)
 *fill*         0x0800566a        0x2 

.rel.dyn        0x0800566c        0x0
 .rel.iplt      0x0800566c        0x0 e:/program files/truestudio for stm32 9.2.0/armtools/bin/../lib/gcc/arm-atollic-eabi/6.3.1/armv7-m/crtbegin.o

.ARM.extab
 *(.ARM.extab* .gnu.linkonce.armextab.*)

.ARM            0x0800566c        0x0
                0x0800566c                __exidx_start = .
 *(.ARM.exidx*)
                0x0800566c                __exidx_end = .

.preinit_array  0x0800566c        0x0
                0x0800566c                PROVIDE (__preinit_array_start, .)
 *(.preinit_array*)
                0x0800566c                PROVIDE (__preinit_array_end, .)

.init_array     0x0800566c        0x4
                0x0800566c                PROVIDE (__init_array_start, .)
 *(SORT(.init_array.*))
 *(.init_array*)
 .init_array    0x0800566c        0x4 e:/program files/truestudio for stm32 9.2.0/armtools/bin/../lib/gcc/arm-atollic-eabi/6.3.1/armv7-m/crtbegin.o
                0x08005670                PROVIDE (__init_array_end, .)

.fini_array     0x08005670        0x4
                [!provide]                PROVIDE (__fini_array_start, .)
 *(SORT(.fini_array.*))
 *(.fini_array*)
 .fini_array    0x08005670        0x4 e:/program files/truestudio for stm32 9.2.0/armtools/bin/../lib/gcc/arm-atollic-eabi/6.3.1/armv7-m/crtbegin.o
                [!provide]                PROVIDE (__fini_array_end, .)
                0x08005674                _sidata = LOADADDR (.data)

.data           0x20000000      0x43c load address 0x08005674
                0x20000000                . = ALIGN (0x4)
                0x20000000                _sdata = .
 *(.data)
 *(.data*)
 .data.uwTickFreq
                0x20000000        0x1 Drivers\STM32F1xx_HAL_Driver\Src\stm32f1xx_hal.o
                0x20000000                uwTickFreq
 *fill*         0x20000001        0x3 
 .data.uwTickPrio
                0x20000004        0x4 Drivers\STM32F1xx_HAL_Driver\Src\stm32f1xx_hal.o
                0x20000004                uwTickPrio
 .data.DefaultTuningSettings
                0x20000008       0xf3 Drivers\vl53l0x\vl53l0x_api.o
                0x20000008                DefaultTuningSettings
 .data.InterruptThresholdSettings
                0x200000fb      0x1b6 Drivers\vl53l0x\vl53l0x_api.o
                0x200000fb                InterruptThresholdSettings
 *fill*         0x200002b1        0x3 
 .data.refArrayQuadrants
                0x200002b4       0x10 Drivers\vl53l0x\vl53l0x_api_calibration.o
                0x200002b4                refArrayQuadrants
 .data.VL53L0XDevs
                0x200002c4      0x174 Src\main.o
                0x200002c4                VL53L0XDevs
 .data.SystemCoreClock
                0x20000438        0x4 Src\system_stm32f1xx.o
                0x20000438                SystemCoreClock
                0x2000043c                . = ALIGN (0x4)
                0x2000043c                _edata = .

.igot.plt       0x2000043c        0x0 load address 0x08005ab0
 .igot.plt      0x2000043c        0x0 e:/program files/truestudio for stm32 9.2.0/armtools/bin/../lib/gcc/arm-atollic-eabi/6.3.1/armv7-m/crtbegin.o
                0x2000043c                . = ALIGN (0x4)

.bss            0x2000043c      0x1dc load address 0x08005ab0
                0x2000043c                _sbss = .
                0x2000043c                __bss_start__ = _sbss
 *(.bss)
 .bss           0x2000043c       0x1c e:/program files/truestudio for stm32 9.2.0/armtools/bin/../lib/gcc/arm-atollic-eabi/6.3.1/armv7-m/crtbegin.o
 *(.bss*)
 .bss.nDevPresent
                0x20000458        0x4 Src\main.o
                0x20000458                nDevPresent
 *(COMMON)
 COMMON         0x2000045c        0x4 Drivers\STM32F1xx_HAL_Driver\Src\stm32f1xx_hal.o
                0x2000045c                uwTick
 COMMON         0x20000460       0x40 Drivers\vl53l0x\vl53l0x_platform.o
                0x20000460                _I2CBuffer
 COMMON         0x200004a0       0x54 Src\i2c.o
                0x200004a0                hi2c1
 COMMON         0x200004f4       0x24 Src\main.o
                0x200004f4                RangingConfig
                0x200004f8                sensor_status
                0x200004fc                RangingMeasurementData
 COMMON         0x20000518       0x80 Src\tim.o
                0x20000518                htim3
                0x20000558                htim2
 COMMON         0x20000598       0x80 Src\usart.o
                0x20000598                huart3
                0x200005d8                huart1
                0x20000618                . = ALIGN (0x4)
                0x20000618                _ebss = .
                0x20000618                __bss_end__ = _ebss

._user_heap_stack
                0x20000618      0x600 load address 0x08005ab0
                0x20000618                . = ALIGN (0x4)
                0x20000618                PROVIDE (end, .)
                [!provide]                PROVIDE (_end, .)
                0x20000818                . = (. + _Min_Heap_Size)
 *fill*         0x20000618      0x200 
                0x20000c18                . = (. + _Min_Stack_Size)
 *fill*         0x20000818      0x400 
                0x20000c18                . = ALIGN (0x4)

/DISCARD/
 libc.a(*)
 libm.a(*)
 libgcc.a(*)

.ARM.attributes
                0x00000000       0x29
 *(.ARM.attributes)
 .ARM.attributes
                0x00000000       0x1d e:/program files/truestudio for stm32 9.2.0/armtools/bin/../lib/gcc/arm-atollic-eabi/6.3.1/armv7-m/crti.o
 .ARM.attributes
                0x0000001d       0x2d e:/program files/truestudio for stm32 9.2.0/armtools/bin/../lib/gcc/arm-atollic-eabi/6.3.1/armv7-m/crtbegin.o
 .ARM.attributes
                0x0000004a       0x33 Drivers\STM32F1xx_HAL_Driver\Src\stm32f1xx_hal.o
 .ARM.attributes
                0x0000007d       0x33 Drivers\STM32F1xx_HAL_Driver\Src\stm32f1xx_hal_cortex.o
 .ARM.attributes
                0x000000b0       0x33 Drivers\STM32F1xx_HAL_Driver\Src\stm32f1xx_hal_dma.o
 .ARM.attributes
                0x000000e3       0x33 Drivers\STM32F1xx_HAL_Driver\Src\stm32f1xx_hal_gpio.o
 .ARM.attributes
                0x00000116       0x33 Drivers\STM32F1xx_HAL_Driver\Src\stm32f1xx_hal_i2c.o
 .ARM.attributes
                0x00000149       0x33 Drivers\STM32F1xx_HAL_Driver\Src\stm32f1xx_hal_rcc.o
 .ARM.attributes
                0x0000017c       0x33 Drivers\STM32F1xx_HAL_Driver\Src\stm32f1xx_hal_tim.o
 .ARM.attributes
                0x000001af       0x33 Drivers\STM32F1xx_HAL_Driver\Src\stm32f1xx_hal_tim_ex.o
 .ARM.attributes
                0x000001e2       0x33 Drivers\STM32F1xx_HAL_Driver\Src\stm32f1xx_hal_uart.o
 .ARM.attributes
                0x00000215       0x33 Drivers\vl53l0x\vl53l0x_api.o
 .ARM.attributes
                0x00000248       0x33 Drivers\vl53l0x\vl53l0x_api_calibration.o
 .ARM.attributes
                0x0000027b       0x33 Drivers\vl53l0x\vl53l0x_api_core.o
 .ARM.attributes
                0x000002ae       0x33 Drivers\vl53l0x\vl53l0x_platform.o
 .ARM.attributes
                0x000002e1       0x33 Src\gpio.o
 .ARM.attributes
                0x00000314       0x33 Src\i2c.o
 .ARM.attributes
                0x00000347       0x33 Src\main.o
 .ARM.attributes
                0x0000037a       0x33 Src\stm32f1xx_hal_msp.o
 .ARM.attributes
                0x000003ad       0x33 Src\stm32f1xx_it.o
 .ARM.attributes
                0x000003e0       0x33 Src\system_stm32f1xx.o
 .ARM.attributes
                0x00000413       0x33 Src\tim.o
 .ARM.attributes
                0x00000446       0x33 Src\usart.o
 .ARM.attributes
                0x00000479       0x21 startup\startup_stm32f103xb.o
 .ARM.attributes
                0x0000049a       0x2d e:/program files/truestudio for stm32 9.2.0/armtools/bin/../lib/gcc/arm-atollic-eabi/6.3.1/../../../../arm-atollic-eabi/lib/armv7-m\libc_nano.a(lib_a-init.o)
 .ARM.attributes
                0x000004c7       0x2d e:/program files/truestudio for stm32 9.2.0/armtools/bin/../lib/gcc/arm-atollic-eabi/6.3.1/../../../../arm-atollic-eabi/lib/armv7-m\libc_nano.a(lib_a-memcpy-stub.o)
 .ARM.attributes
                0x000004f4       0x2d e:/program files/truestudio for stm32 9.2.0/armtools/bin/../lib/gcc/arm-atollic-eabi/6.3.1/../../../../arm-atollic-eabi/lib/armv7-m\libc_nano.a(lib_a-memset.o)
 .ARM.attributes
                0x00000521       0x2d e:/program files/truestudio for stm32 9.2.0/armtools/bin/../lib/gcc/arm-atollic-eabi/6.3.1/../../../../arm-atollic-eabi/lib/armv7-m\libc_nano.a(lib_a-strcpy.o)
 .ARM.attributes
                0x0000054e       0x1d e:/program files/truestudio for stm32 9.2.0/armtools/bin/../lib/gcc/arm-atollic-eabi/6.3.1/armv7-m/crtn.o
OUTPUT(VL53LXX.elf elf32-littlearm)

.debug_info     0x00000000    0x1f7d4
 .debug_info    0x00000000      0x7cd Drivers\STM32F1xx_HAL_Driver\Src\stm32f1xx_hal.o
 .debug_info    0x000007cd      0xca7 Drivers\STM32F1xx_HAL_Driver\Src\stm32f1xx_hal_cortex.o
 .debug_info    0x00001474      0x837 Drivers\STM32F1xx_HAL_Driver\Src\stm32f1xx_hal_dma.o
 .debug_info    0x00001cab      0x691 Drivers\STM32F1xx_HAL_Driver\Src\stm32f1xx_hal_gpio.o
 .debug_info    0x0000233c     0x3496 Drivers\STM32F1xx_HAL_Driver\Src\stm32f1xx_hal_i2c.o
 .debug_info    0x000057d2      0xa01 Drivers\STM32F1xx_HAL_Driver\Src\stm32f1xx_hal_rcc.o
 .debug_info    0x000061d3     0x34cc Drivers\STM32F1xx_HAL_Driver\Src\stm32f1xx_hal_tim.o
 .debug_info    0x0000969f     0x12fc Drivers\STM32F1xx_HAL_Driver\Src\stm32f1xx_hal_tim_ex.o
 .debug_info    0x0000a99b     0x1632 Drivers\STM32F1xx_HAL_Driver\Src\stm32f1xx_hal_uart.o
 .debug_info    0x0000bfcd     0x5715 Drivers\vl53l0x\vl53l0x_api.o
 .debug_info    0x000116e2     0x2e4c Drivers\vl53l0x\vl53l0x_api_calibration.o
 .debug_info    0x0001452e     0x3bb1 Drivers\vl53l0x\vl53l0x_api_core.o
 .debug_info    0x000180df     0x1b44 Drivers\vl53l0x\vl53l0x_platform.o
 .debug_info    0x00019c23      0x42f Src\gpio.o
 .debug_info    0x0001a052      0xad3 Src\i2c.o
 .debug_info    0x0001ab25     0x20ac Src\main.o
 .debug_info    0x0001cbd1      0x2c0 Src\stm32f1xx_hal_msp.o
 .debug_info    0x0001ce91      0xbfb Src\stm32f1xx_it.o
 .debug_info    0x0001da8c      0x437 Src\system_stm32f1xx.o
 .debug_info    0x0001dec3      0xda2 Src\tim.o
 .debug_info    0x0001ec65      0xb06 Src\usart.o
 .debug_info    0x0001f76b       0x69 startup\startup_stm32f103xb.o

.debug_abbrev   0x00000000     0x3699
 .debug_abbrev  0x00000000      0x24a Drivers\STM32F1xx_HAL_Driver\Src\stm32f1xx_hal.o
 .debug_abbrev  0x0000024a      0x2f8 Drivers\STM32F1xx_HAL_Driver\Src\stm32f1xx_hal_cortex.o
 .debug_abbrev  0x00000542      0x22d Drivers\STM32F1xx_HAL_Driver\Src\stm32f1xx_hal_dma.o
 .debug_abbrev  0x0000076f      0x1e4 Drivers\STM32F1xx_HAL_Driver\Src\stm32f1xx_hal_gpio.o
 .debug_abbrev  0x00000953      0x397 Drivers\STM32F1xx_HAL_Driver\Src\stm32f1xx_hal_i2c.o
 .debug_abbrev  0x00000cea      0x2c1 Drivers\STM32F1xx_HAL_Driver\Src\stm32f1xx_hal_rcc.o
 .debug_abbrev  0x00000fab      0x335 Drivers\STM32F1xx_HAL_Driver\Src\stm32f1xx_hal_tim.o
 .debug_abbrev  0x000012e0      0x29c Drivers\STM32F1xx_HAL_Driver\Src\stm32f1xx_hal_tim_ex.o
 .debug_abbrev  0x0000157c      0x2f3 Drivers\STM32F1xx_HAL_Driver\Src\stm32f1xx_hal_uart.o
 .debug_abbrev  0x0000186f      0x45f Drivers\vl53l0x\vl53l0x_api.o
 .debug_abbrev  0x00001cce      0x3d8 Drivers\vl53l0x\vl53l0x_api_calibration.o
 .debug_abbrev  0x000020a6      0x47c Drivers\vl53l0x\vl53l0x_api_core.o
 .debug_abbrev  0x00002522      0x284 Drivers\vl53l0x\vl53l0x_platform.o
 .debug_abbrev  0x000027a6      0x168 Src\gpio.o
 .debug_abbrev  0x0000290e      0x1e9 Src\i2c.o
 .debug_abbrev  0x00002af7      0x3b2 Src\main.o
 .debug_abbrev  0x00002ea9      0x100 Src\stm32f1xx_hal_msp.o
 .debug_abbrev  0x00002fa9      0x1be Src\stm32f1xx_it.o
 .debug_abbrev  0x00003167      0x12f Src\system_stm32f1xx.o
 .debug_abbrev  0x00003296      0x200 Src\tim.o
 .debug_abbrev  0x00003496      0x1f1 Src\usart.o
 .debug_abbrev  0x00003687       0x12 startup\startup_stm32f103xb.o

.debug_loc      0x00000000    0x1282f
 .debug_loc     0x00000000      0x10c Drivers\STM32F1xx_HAL_Driver\Src\stm32f1xx_hal.o
 .debug_loc     0x0000010c      0x487 Drivers\STM32F1xx_HAL_Driver\Src\stm32f1xx_hal_cortex.o
 .debug_loc     0x00000593      0x5ed Drivers\STM32F1xx_HAL_Driver\Src\stm32f1xx_hal_dma.o
 .debug_loc     0x00000b80      0x2f5 Drivers\STM32F1xx_HAL_Driver\Src\stm32f1xx_hal_gpio.o
 .debug_loc     0x00000e75     0x2fbc Drivers\STM32F1xx_HAL_Driver\Src\stm32f1xx_hal_i2c.o
 .debug_loc     0x00003e31      0x478 Drivers\STM32F1xx_HAL_Driver\Src\stm32f1xx_hal_rcc.o
 .debug_loc     0x000042a9     0x2f5a Drivers\STM32F1xx_HAL_Driver\Src\stm32f1xx_hal_tim.o
 .debug_loc     0x00007203      0xa7c Drivers\STM32F1xx_HAL_Driver\Src\stm32f1xx_hal_tim_ex.o
 .debug_loc     0x00007c7f     0x1362 Drivers\STM32F1xx_HAL_Driver\Src\stm32f1xx_hal_uart.o
 .debug_loc     0x00008fe1     0x3d42 Drivers\vl53l0x\vl53l0x_api.o
 .debug_loc     0x0000cd23     0x1d06 Drivers\vl53l0x\vl53l0x_api_calibration.o
 .debug_loc     0x0000ea29     0x333a Drivers\vl53l0x\vl53l0x_api_core.o
 .debug_loc     0x00011d63      0x7c4 Drivers\vl53l0x\vl53l0x_platform.o
 .debug_loc     0x00012527       0x58 Src\i2c.o
 .debug_loc     0x0001257f       0xc7 Src\main.o
 .debug_loc     0x00012646       0xcd Src\system_stm32f1xx.o
 .debug_loc     0x00012713       0x92 Src\tim.o
 .debug_loc     0x000127a5       0x8a Src\usart.o

.debug_aranges  0x00000000     0x1068
 .debug_aranges
                0x00000000       0xd8 Drivers\STM32F1xx_HAL_Driver\Src\stm32f1xx_hal.o
 .debug_aranges
                0x000000d8       0x90 Drivers\STM32F1xx_HAL_Driver\Src\stm32f1xx_hal_cortex.o
 .debug_aranges
                0x00000168       0x78 Drivers\STM32F1xx_HAL_Driver\Src\stm32f1xx_hal_dma.o
 .debug_aranges
                0x000001e0       0x58 Drivers\STM32F1xx_HAL_Driver\Src\stm32f1xx_hal_gpio.o
 .debug_aranges
                0x00000238      0x1b0 Drivers\STM32F1xx_HAL_Driver\Src\stm32f1xx_hal_i2c.o
 .debug_aranges
                0x000003e8       0x88 Drivers\STM32F1xx_HAL_Driver\Src\stm32f1xx_hal_rcc.o
 .debug_aranges
                0x00000470      0x278 Drivers\STM32F1xx_HAL_Driver\Src\stm32f1xx_hal_tim.o
 .debug_aranges
                0x000006e8       0xf8 Drivers\STM32F1xx_HAL_Driver\Src\stm32f1xx_hal_tim_ex.o
 .debug_aranges
                0x000007e0      0x170 Drivers\STM32F1xx_HAL_Driver\Src\stm32f1xx_hal_uart.o
 .debug_aranges
                0x00000950      0x300 Drivers\vl53l0x\vl53l0x_api.o
 .debug_aranges
                0x00000c50       0xd0 Drivers\vl53l0x\vl53l0x_api_calibration.o
 .debug_aranges
                0x00000d20       0xe0 Drivers\vl53l0x\vl53l0x_api_core.o
 .debug_aranges
                0x00000e00       0x78 Drivers\vl53l0x\vl53l0x_platform.o
 .debug_aranges
                0x00000e78       0x20 Src\gpio.o
 .debug_aranges
                0x00000e98       0x30 Src\i2c.o
 .debug_aranges
                0x00000ec8       0x48 Src\main.o
 .debug_aranges
                0x00000f10       0x20 Src\stm32f1xx_hal_msp.o
 .debug_aranges
                0x00000f30       0x70 Src\stm32f1xx_it.o
 .debug_aranges
                0x00000fa0       0x28 Src\system_stm32f1xx.o
 .debug_aranges
                0x00000fc8       0x40 Src\tim.o
 .debug_aranges
                0x00001008       0x38 Src\usart.o
 .debug_aranges
                0x00001040       0x28 startup\startup_stm32f103xb.o

.debug_ranges   0x00000000     0x17a0
 .debug_ranges  0x00000000       0xc8 Drivers\STM32F1xx_HAL_Driver\Src\stm32f1xx_hal.o
 .debug_ranges  0x000000c8      0x128 Drivers\STM32F1xx_HAL_Driver\Src\stm32f1xx_hal_cortex.o
 .debug_ranges  0x000001f0       0xa8 Drivers\STM32F1xx_HAL_Driver\Src\stm32f1xx_hal_dma.o
 .debug_ranges  0x00000298       0x60 Drivers\STM32F1xx_HAL_Driver\Src\stm32f1xx_hal_gpio.o
 .debug_ranges  0x000002f8      0x4b8 Drivers\STM32F1xx_HAL_Driver\Src\stm32f1xx_hal_i2c.o
 .debug_ranges  0x000007b0       0xa0 Drivers\STM32F1xx_HAL_Driver\Src\stm32f1xx_hal_rcc.o
 .debug_ranges  0x00000850      0x348 Drivers\STM32F1xx_HAL_Driver\Src\stm32f1xx_hal_tim.o
 .debug_ranges  0x00000b98       0xe8 Drivers\STM32F1xx_HAL_Driver\Src\stm32f1xx_hal_tim_ex.o
 .debug_ranges  0x00000c80      0x190 Drivers\STM32F1xx_HAL_Driver\Src\stm32f1xx_hal_uart.o
 .debug_ranges  0x00000e10      0x3e0 Drivers\vl53l0x\vl53l0x_api.o
 .debug_ranges  0x000011f0       0xf0 Drivers\vl53l0x\vl53l0x_api_calibration.o
 .debug_ranges  0x000012e0      0x120 Drivers\vl53l0x\vl53l0x_api_core.o
 .debug_ranges  0x00001400       0x68 Drivers\vl53l0x\vl53l0x_platform.o
 .debug_ranges  0x00001468       0x90 Src\gpio.o
 .debug_ranges  0x000014f8       0x60 Src\i2c.o
 .debug_ranges  0x00001558       0x68 Src\main.o
 .debug_ranges  0x000015c0       0x58 Src\stm32f1xx_hal_msp.o
 .debug_ranges  0x00001618       0x60 Src\stm32f1xx_it.o
 .debug_ranges  0x00001678       0x18 Src\system_stm32f1xx.o
 .debug_ranges  0x00001690       0x78 Src\tim.o
 .debug_ranges  0x00001708       0x78 Src\usart.o
 .debug_ranges  0x00001780       0x20 startup\startup_stm32f103xb.o

.debug_line     0x00000000     0x96a7
 .debug_line    0x00000000      0x3cf Drivers\STM32F1xx_HAL_Driver\Src\stm32f1xx_hal.o
 .debug_line    0x000003cf      0x3ca Drivers\STM32F1xx_HAL_Driver\Src\stm32f1xx_hal_cortex.o
 .debug_line    0x00000799      0x5df Drivers\STM32F1xx_HAL_Driver\Src\stm32f1xx_hal_dma.o
 .debug_line    0x00000d78      0x38f Drivers\STM32F1xx_HAL_Driver\Src\stm32f1xx_hal_gpio.o
 .debug_line    0x00001107     0x1e1a Drivers\STM32F1xx_HAL_Driver\Src\stm32f1xx_hal_i2c.o
 .debug_line    0x00002f21      0x566 Drivers\STM32F1xx_HAL_Driver\Src\stm32f1xx_hal_rcc.o
 .debug_line    0x00003487     0x115d Drivers\STM32F1xx_HAL_Driver\Src\stm32f1xx_hal_tim.o
 .debug_line    0x000045e4      0x6b9 Drivers\STM32F1xx_HAL_Driver\Src\stm32f1xx_hal_tim_ex.o
 .debug_line    0x00004c9d      0xbbe Drivers\STM32F1xx_HAL_Driver\Src\stm32f1xx_hal_uart.o
 .debug_line    0x0000585b     0x105d Drivers\vl53l0x\vl53l0x_api.o
 .debug_line    0x000068b8      0x818 Drivers\vl53l0x\vl53l0x_api_calibration.o
 .debug_line    0x000070d0      0xb53 Drivers\vl53l0x\vl53l0x_api_core.o
 .debug_line    0x00007c23      0x400 Drivers\vl53l0x\vl53l0x_platform.o
 .debug_line    0x00008023      0x213 Src\gpio.o
 .debug_line    0x00008236      0x29e Src\i2c.o
 .debug_line    0x000084d4      0x497 Src\main.o
 .debug_line    0x0000896b      0x1d0 Src\stm32f1xx_hal_msp.o
 .debug_line    0x00008b3b      0x2db Src\stm32f1xx_it.o
 .debug_line    0x00008e16      0x20c Src\system_stm32f1xx.o
 .debug_line    0x00009022      0x30d Src\tim.o
 .debug_line    0x0000932f      0x2fb Src\usart.o
 .debug_line    0x0000962a       0x7d startup\startup_stm32f103xb.o

.debug_str      0x00000000     0x7392
 .debug_str     0x00000000      0x7f6 Drivers\STM32F1xx_HAL_Driver\Src\stm32f1xx_hal.o
                                0x85a (size before relaxing)
 .debug_str     0x000007f6      0x3c5 Drivers\STM32F1xx_HAL_Driver\Src\stm32f1xx_hal_cortex.o
                                0x97c (size before relaxing)
 .debug_str     0x00000bbb      0x3dc Drivers\STM32F1xx_HAL_Driver\Src\stm32f1xx_hal_dma.o
                                0x6ca (size before relaxing)
 .debug_str     0x00000f97      0x1c4 Drivers\STM32F1xx_HAL_Driver\Src\stm32f1xx_hal_gpio.o
                                0x4cd (size before relaxing)
 .debug_str     0x0000115b      0xb09 Drivers\STM32F1xx_HAL_Driver\Src\stm32f1xx_hal_i2c.o
                               0x1030 (size before relaxing)
 .debug_str     0x00001c64      0x311 Drivers\STM32F1xx_HAL_Driver\Src\stm32f1xx_hal_rcc.o
                                0x6b6 (size before relaxing)
 .debug_str     0x00001f75      0xfe9 Drivers\STM32F1xx_HAL_Driver\Src\stm32f1xx_hal_tim.o
                               0x14fe (size before relaxing)
 .debug_str     0x00002f5e      0x548 Drivers\STM32F1xx_HAL_Driver\Src\stm32f1xx_hal_tim_ex.o
                                0xd16 (size before relaxing)
 .debug_str     0x000034a6      0x6c0 Drivers\STM32F1xx_HAL_Driver\Src\stm32f1xx_hal_uart.o
                                0xc46 (size before relaxing)
 .debug_str     0x00003b66     0x21e0 Drivers\vl53l0x\vl53l0x_api.o
                               0x2c75 (size before relaxing)
 .debug_str     0x00005d46      0x623 Drivers\vl53l0x\vl53l0x_api_calibration.o
                               0x1d04 (size before relaxing)
 .debug_str     0x00006369      0xbe3 Drivers\vl53l0x\vl53l0x_api_core.o
                               0x2336 (size before relaxing)
 .debug_str     0x00006f4c       0x7d Drivers\vl53l0x\vl53l0x_platform.o
                               0x138c (size before relaxing)
 .debug_str     0x00006fc9       0x2b Src\gpio.o
                                0x34c (size before relaxing)
 .debug_str     0x00006ff4       0x38 Src\i2c.o
                                0xb16 (size before relaxing)
 .debug_str     0x0000702c      0x1a0 Src\main.o
                               0x1a7c (size before relaxing)
 .debug_str     0x000071cc       0x1b Src\stm32f1xx_hal_msp.o
                                0x2e7 (size before relaxing)
 .debug_str     0x000071e7      0x100 Src\stm32f1xx_it.o
                                0xbc0 (size before relaxing)
 .debug_str     0x000072e7       0x4d Src\system_stm32f1xx.o
                                0x33c (size before relaxing)
 .debug_str     0x00007334       0x44 Src\tim.o
                                0xc0c (size before relaxing)
 .debug_str     0x00007378       0x1a Src\usart.o
                                0xa5c (size before relaxing)

.comment        0x00000000       0x7c
 .comment       0x00000000       0x7c Drivers\STM32F1xx_HAL_Driver\Src\stm32f1xx_hal.o
                                 0x7d (size before relaxing)
 .comment       0x0000007c       0x7d Drivers\STM32F1xx_HAL_Driver\Src\stm32f1xx_hal_cortex.o
 .comment       0x0000007c       0x7d Drivers\STM32F1xx_HAL_Driver\Src\stm32f1xx_hal_dma.o
 .comment       0x0000007c       0x7d Drivers\STM32F1xx_HAL_Driver\Src\stm32f1xx_hal_gpio.o
 .comment       0x0000007c       0x7d Drivers\STM32F1xx_HAL_Driver\Src\stm32f1xx_hal_i2c.o
 .comment       0x0000007c       0x7d Drivers\STM32F1xx_HAL_Driver\Src\stm32f1xx_hal_rcc.o
 .comment       0x0000007c       0x7d Drivers\STM32F1xx_HAL_Driver\Src\stm32f1xx_hal_tim.o
 .comment       0x0000007c       0x7d Drivers\STM32F1xx_HAL_Driver\Src\stm32f1xx_hal_tim_ex.o
 .comment       0x0000007c       0x7d Drivers\STM32F1xx_HAL_Driver\Src\stm32f1xx_hal_uart.o
 .comment       0x0000007c       0x7d Drivers\vl53l0x\vl53l0x_api.o
 .comment       0x0000007c       0x7d Drivers\vl53l0x\vl53l0x_api_calibration.o
 .comment       0x0000007c       0x7d Drivers\vl53l0x\vl53l0x_api_core.o
 .comment       0x0000007c       0x7d Drivers\vl53l0x\vl53l0x_platform.o
 .comment       0x0000007c       0x7d Src\gpio.o
 .comment       0x0000007c       0x7d Src\i2c.o
 .comment       0x0000007c       0x7d Src\main.o
 .comment       0x0000007c       0x7d Src\stm32f1xx_hal_msp.o
 .comment       0x0000007c       0x7d Src\stm32f1xx_it.o
 .comment       0x0000007c       0x7d Src\system_stm32f1xx.o
 .comment       0x0000007c       0x7d Src\tim.o
 .comment       0x0000007c       0x7d Src\usart.o

.debug_frame    0x00000000     0x3370
 .debug_frame   0x00000000      0x1d4 Drivers\STM32F1xx_HAL_Driver\Src\stm32f1xx_hal.o
 .debug_frame   0x000001d4      0x120 Drivers\STM32F1xx_HAL_Driver\Src\stm32f1xx_hal_cortex.o
 .debug_frame   0x000002f4      0x144 Drivers\STM32F1xx_HAL_Driver\Src\stm32f1xx_hal_dma.o
 .debug_frame   0x00000438       0xd4 Drivers\STM32F1xx_HAL_Driver\Src\stm32f1xx_hal_gpio.o
 .debug_frame   0x0000050c      0x700 Drivers\STM32F1xx_HAL_Driver\Src\stm32f1xx_hal_i2c.o
 .debug_frame   0x00000c0c      0x150 Drivers\STM32F1xx_HAL_Driver\Src\stm32f1xx_hal_rcc.o
 .debug_frame   0x00000d5c      0x928 Drivers\STM32F1xx_HAL_Driver\Src\stm32f1xx_hal_tim.o
 .debug_frame   0x00001684      0x360 Drivers\STM32F1xx_HAL_Driver\Src\stm32f1xx_hal_tim_ex.o
 .debug_frame   0x000019e4      0x498 Drivers\STM32F1xx_HAL_Driver\Src\stm32f1xx_hal_uart.o
 .debug_frame   0x00001e7c      0x934 Drivers\vl53l0x\vl53l0x_api.o
 .debug_frame   0x000027b0      0x2f8 Drivers\vl53l0x\vl53l0x_api_calibration.o
 .debug_frame   0x00002aa8      0x2f8 Drivers\vl53l0x\vl53l0x_api_core.o
 .debug_frame   0x00002da0      0x16c Drivers\vl53l0x\vl53l0x_platform.o
 .debug_frame   0x00002f0c       0x38 Src\gpio.o
 .debug_frame   0x00002f44       0x70 Src\i2c.o
 .debug_frame   0x00002fb4       0xbc Src\main.o
 .debug_frame   0x00003070       0x28 Src\stm32f1xx_hal_msp.o
 .debug_frame   0x00003098       0xf0 Src\stm32f1xx_it.o
 .debug_frame   0x00003188       0x30 Src\system_stm32f1xx.o
 .debug_frame   0x000031b8       0x94 Src\tim.o
 .debug_frame   0x0000324c       0x90 Src\usart.o
 .debug_frame   0x000032dc       0x2c e:/program files/truestudio for stm32 9.2.0/armtools/bin/../lib/gcc/arm-atollic-eabi/6.3.1/../../../../arm-atollic-eabi/lib/armv7-m\libc_nano.a(lib_a-init.o)
 .debug_frame   0x00003308       0x28 e:/program files/truestudio for stm32 9.2.0/armtools/bin/../lib/gcc/arm-atollic-eabi/6.3.1/../../../../arm-atollic-eabi/lib/armv7-m\libc_nano.a(lib_a-memcpy-stub.o)
 .debug_frame   0x00003330       0x20 e:/program files/truestudio for stm32 9.2.0/armtools/bin/../lib/gcc/arm-atollic-eabi/6.3.1/../../../../arm-atollic-eabi/lib/armv7-m\libc_nano.a(lib_a-memset.o)
 .debug_frame   0x00003350       0x20 e:/program files/truestudio for stm32 9.2.0/armtools/bin/../lib/gcc/arm-atollic-eabi/6.3.1/../../../../arm-atollic-eabi/lib/armv7-m\libc_nano.a(lib_a-strcpy.o)
