vl53l0x_api_strings.c:45:15:VL53L0X_check_part_used	24	static
vl53l0x_api_strings.c:76:15:VL53L0X_get_device_info	24	static
vl53l0x_api_strings.c:123:15:VL53L0X_get_device_error_string	8	static
vl53l0x_api_strings.c:202:15:VL53L0X_get_range_status_string	8	static
vl53l0x_api_strings.c:244:15:VL53L0X_get_pal_error_string	8	static
vl53l0x_api_strings.c:334:15:VL53L0X_get_pal_state_string	8	static
vl53l0x_api_strings.c:380:15:VL53L0X_get_sequence_steps_info	8	static
vl53l0x_api_strings.c:419:15:VL53L0X_get_limit_check_info	8	static
