VL53L0X.c:1034:10:timeoutMicrosecondsToMclks	0	static
VL53L0X.c:1001:10:encodeTimeout	0	static
VL53L0X.c:42:6:writeReg	32	static
VL53L0X.c:52:6:writeReg16Bit	32	static
VL53L0X.c:64:6:writeReg32Bit	32	static
VL53L0X.c:77:9:readReg	32	static
VL53L0X.c:91:10:readReg16Bit	32	static
VL53L0X.c:105:10:readReg32Bit	32	static
VL53L0X.c:122:6:writeMulti	32	static
VL53L0X.c:135:6:readMulti	32	static
VL53L0X.c:154:6:setAddress	8	static
VL53L0X.c:159:9:getAddress	0	static
VL53L0X.c:399:6:setSignalRateLimit	16	static
VL53L0X.c:410:7:getSignalRateLimit	8	static
VL53L0X.c:742:9:getVcselPulsePeriod	8	static
VL53L0X.c:761:6:startContinuous	8	static
VL53L0X.c:799:6:stopContinuous	8	static
VL53L0X.c:814:10:readRangeContinuousMillimeters	32	static
VL53L0X.c:857:10:readRangeSingleMillimeters	16	static
VL53L0X.c:879:6:timeoutOccurred	0	static
VL53L0X.c:886:6:setTimeout	0	static
VL53L0X.c:890:10:getTimeout	0	static
VL53L0X.c:899:6:getSpadInfo	24	static
VL53L0X.c:941:6:getSequenceStepEnables	8	static
VL53L0X.c:956:6:getSequenceStepTimeouts	24	static
VL53L0X.c:422:6:setMeasurementTimingBudget	48	static
VL53L0X.c:511:10:getMeasurementTimingBudget	40	static
VL53L0X.c:1043:6:performSingleRefCalibration	16	static
VL53L0X.c:171:6:initVL53L0X	40	static
VL53L0X.c:565:6:setVcselPulsePeriod	48	static
