vl53l0x_api.c:53:15:VL53L0X_GetVersion	0	static
vl53l0x_api.c:68:15:VL53L0X_GetPalSpecVersion	0	static
vl53l0x_api.c:84:15:VL53L0X_GetProductRevision	24	static
vl53l0x_api.c:102:15:VL53L0X_GetDeviceInfo	0	static
vl53l0x_api.c:114:15:VL53L0X_GetDeviceErrorStatus	16	static
vl53l0x_api.c:132:15:VL53L0X_GetDeviceErrorString	0	static
vl53l0x_api.c:145:15:VL53L0X_GetRangeStatusString	0	static
vl53l0x_api.c:158:15:VL53L0X_GetPalErrorString	0	static
vl53l0x_api.c:170:15:VL53L0X_GetPalStateString	0	static
vl53l0x_api.c:182:15:VL53L0X_GetPalState	0	static
vl53l0x_api.c:228:15:VL53L0X_GetPowerMode	16	static
vl53l0x_api.c:251:15:VL53L0X_SetOffsetCalibrationDataMicroMeter	0	static
vl53l0x_api.c:264:15:VL53L0X_GetOffsetCalibrationDataMicroMeter	0	static
vl53l0x_api.c:277:15:VL53L0X_SetLinearityCorrectiveGain	0	static
vl53l0x_api.c:300:15:VL53L0X_GetLinearityCorrectiveGain	0	static
vl53l0x_api.c:312:15:VL53L0X_SetGroupParamHold	0	static
vl53l0x_api.c:323:15:VL53L0X_GetUpperLimitMilliMeter	0	static
vl53l0x_api.c:335:15:VL53L0X_GetTotalSignalRate	56	static
vl53l0x_api.c:355:15:VL53L0X_SetDeviceAddress	0	static
vl53l0x_api.c:508:15:VL53L0X_SetTuningSettingBuffer	0	static
vl53l0x_api.c:535:15:VL53L0X_GetTuningSettingBuffer	0	static
vl53l0x_api.c:729:15:VL53L0X_WaitDeviceBooted	0	static
vl53l0x_api.c:740:15:VL53L0X_ResetDevice	24	static
vl53l0x_api.c:900:15:VL53L0X_SetDeviceMode	0	static
vl53l0x_api.c:924:15:VL53L0X_GetDeviceMode	0	static
vl53l0x_api.c:936:15:VL53L0X_SetRangeFractionEnable	16	static
vl53l0x_api.c:951:15:VL53L0X_GetFractionEnable	8	static
vl53l0x_api.c:965:15:VL53L0X_SetHistogramMode	0	static
vl53l0x_api.c:977:15:VL53L0X_GetHistogramMode	0	static
vl53l0x_api.c:989:15:VL53L0X_SetMeasurementTimingBudgetMicroSeconds	0	static
vl53l0x_api.c:1003:15:VL53L0X_GetMeasurementTimingBudgetMicroSeconds	0	static
vl53l0x_api.c:1016:15:VL53L0X_SetVcselPulsePeriod	0	static
vl53l0x_api.c:1029:15:VL53L0X_GetVcselPulsePeriod	0	static
vl53l0x_api.c:1042:15:VL53L0X_SetSequenceStepEnable	32	static
vl53l0x_api.c:1131:15:sequence_step_enabled	0	static
vl53l0x_api.c:1163:15:VL53L0X_GetSequenceStepEnable	24	static
vl53l0x_api.c:1182:15:VL53L0X_GetSequenceStepEnables	16	static
vl53l0x_api.c:1222:15:VL53L0X_GetNumberOfSequenceSteps	0	static
vl53l0x_api.c:1234:15:VL53L0X_GetSequenceStepsInfo	0	static
vl53l0x_api.c:1249:15:VL53L0X_SetSequenceStepTimeout	24	static
vl53l0x_api.c:1303:15:VL53L0X_GetSequenceStepTimeout	16	static
vl53l0x_api.c:1322:15:VL53L0X_SetInterMeasurementPeriodMilliSeconds	24	static
vl53l0x_api.c:1358:15:VL53L0X_GetInterMeasurementPeriodMilliSeconds	24	static
vl53l0x_api.c:1390:15:VL53L0X_SetXTalkCompensationEnable	16	static
vl53l0x_api.c:1428:15:VL53L0X_GetXTalkCompensationEnable	0	static
vl53l0x_api.c:1442:15:VL53L0X_SetXTalkCompensationRateMegaCps	16	static
vl53l0x_api.c:1480:15:VL53L0X_GetXTalkCompensationRateMegaCps	24	static
vl53l0x_api.c:1513:15:VL53L0X_SetRefCalibration	0	static
vl53l0x_api.c:1525:15:VL53L0X_GetRefCalibration	0	static
vl53l0x_api.c:1541:15:VL53L0X_GetNumberOfLimitCheck	0	static
vl53l0x_api.c:1552:15:VL53L0X_GetLimitCheckInfo	0	static
vl53l0x_api.c:1566:15:VL53L0X_GetLimitCheckStatus	0	static
vl53l0x_api.c:1589:15:VL53L0X_SetLimitCheckEnable	16	static
vl53l0x_api.c:1692:15:VL53L0X_GetLimitCheckEnable	0	static
vl53l0x_api.c:1713:15:VL53L0X_SetLimitCheckValue	16	static
vl53l0x_api.c:1790:15:VL53L0X_GetLimitCheckValue	24	static
vl53l0x_api.c:1881:15:VL53L0X_GetLimitCheckCurrent	0	static
vl53l0x_api.c:1955:15:VL53L0X_SetWrapAroundCheckEnable	24	static
vl53l0x_api.c:785:15:VL53L0X_SetDeviceParameters	24	static
vl53l0x_api.c:1987:15:VL53L0X_GetWrapAroundCheckEnable	24	static
vl53l0x_api.c:836:15:VL53L0X_GetDeviceParameters	32	static
vl53l0x_api.c:367:15:VL53L0X_DataInit	96	static
vl53l0x_api.c:2012:15:VL53L0X_SetDmaxCalParameters	8	static
vl53l0x_api.c:2046:15:VL53L0X_GetDmaxCalParameters	0	static
vl53l0x_api.c:2095:15:VL53L0X_PerformSingleHistogramMeasurement	0	static
vl53l0x_api.c:2107:15:VL53L0X_PerformRefCalibration	0	static
vl53l0x_api.c:2120:15:VL53L0X_PerformXTalkMeasurement	0	static
vl53l0x_api.c:2133:15:VL53L0X_PerformXTalkCalibration	0	static
vl53l0x_api.c:2147:15:VL53L0X_PerformOffsetCalibration	0	static
vl53l0x_api.c:2351:15:VL53L0X_WaitDeviceReadyForNewMeasurement	0	static
vl53l0x_api.c:2364:15:VL53L0X_GetRangingMeasurementData	88	static
vl53l0x_api.c:2519:15:VL53L0X_GetMeasurementRefSignal	0	static
vl53l0x_api.c:2539:15:VL53L0X_GetHistogramMeasurementData	0	static
vl53l0x_api.c:2577:15:VL53L0X_SetNumberOfROIZones	0	static
vl53l0x_api.c:2592:15:VL53L0X_GetNumberOfROIZones	0	static
vl53l0x_api.c:2605:15:VL53L0X_GetMaxNumberOfROIZones	0	static
vl53l0x_api.c:2715:15:VL53L0X_GetGpioConfig	32	static
vl53l0x_api.c:2786:15:VL53L0X_SetInterruptThresholds	16	static
vl53l0x_api.c:2810:15:VL53L0X_GetInterruptThresholds	32	static
vl53l0x_api.c:2160:15:VL53L0X_CheckAndLoadInterruptSettings	24	static
vl53l0x_api.c:2206:15:VL53L0X_StartMeasurement	24	static
vl53l0x_api.c:2064:15:VL53L0X_PerformSingleMeasurement	16	static
vl53l0x_api.c:2289:15:VL53L0X_StopMeasurement	8	static
vl53l0x_api.c:2836:15:VL53L0X_GetStopCompletedStatus	24	static
vl53l0x_api.c:2869:15:VL53L0X_ClearInterruptMask	24	static
vl53l0x_api.c:2549:15:VL53L0X_PerformSingleRangingMeasurement	16	static
vl53l0x_api.c:2620:15:VL53L0X_SetGpioConfig	24	static
vl53l0x_api.c:550:15:VL53L0X_StaticInit	104	static
vl53l0x_api.c:193:15:VL53L0X_SetPowerMode	16	static
vl53l0x_api.c:2898:15:VL53L0X_GetInterruptMaskStatus	16	static
vl53l0x_api.c:2316:15:VL53L0X_GetMeasurementDataReady	16	static
vl53l0x_api.c:2915:15:VL53L0X_EnableInterruptMask	0	static
vl53l0x_api.c:2930:15:VL53L0X_SetSpadAmbientDamperThreshold	16	static
vl53l0x_api.c:2944:15:VL53L0X_GetSpadAmbientDamperThreshold	16	static
vl53l0x_api.c:2958:15:VL53L0X_SetSpadAmbientDamperFactor	16	static
vl53l0x_api.c:2975:15:VL53L0X_GetSpadAmbientDamperFactor	24	static
vl53l0x_api.c:2997:15:VL53L0X_SetReferenceSpads	0	static
vl53l0x_api.c:3010:15:VL53L0X_GetReferenceSpads	0	static
vl53l0x_api.c:3023:15:VL53L0X_PerformRefSpadManagement	0	static
