vl53l0x_api_calibration.c:51:15:VL53L0X_perform_xtalk_calibration	72	static
vl53l0x_api_calibration.c:190:15:VL53L0X_perform_offset_calibration	64	static
vl53l0x_api_calibration.c:289:15:VL53L0X_set_offset_calibration_data_micro_meter	0	static
vl53l0x_api_calibration.c:326:15:VL53L0X_get_offset_calibration_data_micro_meter	16	static
vl53l0x_api_calibration.c:358:15:VL53L0X_apply_offset_adjustment	24	static
vl53l0x_api_calibration.c:398:6:get_next_good_spad	20	static
vl53l0x_api_calibration.c:447:9:is_aperture	0	static
vl53l0x_api_calibration.c:463:15:enable_spad_bit	0	static
vl53l0x_api_calibration.c:481:15:count_enabled_spads	32	static
vl53l0x_api_calibration.c:539:15:set_ref_spad_map	0	static
vl53l0x_api_calibration.c:547:15:get_ref_spad_map	0	static
vl53l0x_api_calibration.c:556:15:enable_ref_spads	64	static
vl53l0x_api_calibration.c:629:15:perform_ref_signal_measurement	48	static
vl53l0x_api_calibration.c:943:15:VL53L0X_set_reference_spads	48	static
vl53l0x_api_calibration.c:1010:15:VL53L0X_get_reference_spads	40	static
vl53l0x_api_calibration.c:1065:15:VL53L0X_perform_single_ref_calibration	8	static
vl53l0x_api_calibration.c:1088:15:VL53L0X_ref_calibration_io	48	static
vl53l0x_api_calibration.c:1123:15:VL53L0X_perform_vhv_calibration	48	static
vl53l0x_api_calibration.c:1168:15:VL53L0X_perform_phase_calibration	48	static
vl53l0x_api_calibration.c:1213:15:VL53L0X_perform_ref_calibration	24	static
vl53l0x_api_calibration.c:676:15:VL53L0X_perform_ref_spad_management	104	static
vl53l0x_api_calibration.c:1248:15:VL53L0X_set_ref_calibration	32	static
vl53l0x_api_calibration.c:1263:15:VL53L0X_get_ref_calibration	24	static
