vl53l0x_platform.c:40:5:_I2CWrite	16	static
vl53l0x_platform.c:52:5:_I2CRead	16	static
vl53l0x_platform.c:65:15:VL53L0X_WriteMulti	24	static
vl53l0x_platform.c:83:15:VL53L0X_ReadMulti	32	static
vl53l0x_platform.c:101:15:VL53L0X_WrByte	8	static
vl53l0x_platform.c:117:15:VL53L0X_WrWord	8	static
vl53l0x_platform.c:134:15:VL53L0X_WrDWord	8	static
vl53l0x_platform.c:165:15:VL53L0X_RdByte	24	static
vl53l0x_platform.c:151:15:VL53L0X_UpdateByte	32	static
vl53l0x_platform.c:184:15:VL53L0X_RdWord	24	static
vl53l0x_platform.c:207:15:VL53L0X_RdDWord	24	static
vl53l0x_platform.c:230:15:VL53L0X_PollingDelay	8	static
